1783776241.285872250 412437 1689340127
1783776243.297565363 412437 1689340127
1783776245.307658754 412437 1689340127
1783776247.317548021 412437 1689340127
1783776249.328011653 412437 1689340127
1783776251.338523041 412437 1689340127
1783776253.351486199 412437 1689340127
1783776255.363353300 412437 1689340127
1783776257.372722121 412437 1689340127
1783776259.383582648 412437 1689340127
1783776261.392915648 412437 1689340127
1783776263.402785732 412437 1689340127
1783776265.416285255 412437 1689340127
1783776267.427475562 412437 1689340127
1783776269.437406765 412437 1689340127
1783776271.447106770 412437 1689340127
1783776273.457310130 412437 1689340127
1783776275.466737250 412437 1689340127
1783776277.478056569 412437 1689340127
1783776279.488679203 412437 1689340127
1783776281.499132658 412437 1689340127
1783776283.509688301 412437 1689340127
1783776285.518800931 412437 1689340127
1783776287.527569655 412437 1689340127
1783776289.537894151 412437 1689340127
1783776291.548130270 412437 1689340127
1783776293.562211612 412437 1689340127
