[continuous_lp_0] docker compose down + drop page cache
[continuous_lp_0] tegrastats -> mmap_sandbox/results/burst_vs_continuous_run1/continuous_lp_0/tegrastats.log
[continuous_lp_0] launch watcher: /home/student/Documents/projects/wildfire_detection/.venv/bin/python3 /home/student/Documents/projects/wildfire_detection/mmap_sandbox/burst_vs_continuous/continuous_watcher.py --sock mmap_sandbox/results/burst_vs_continuous_run1/continuous_lp_0/watcher.sock --log mmap_sandbox/results/burst_vs_continuous_run1/continuous_lp_0/watch.jsonl --pace-mbps 350.0 --compose-file /home/student/Documents/projects/wildfire_detection/docker-compose_fused_system.yaml --ready-file /home/student/Documents/projects/wildfire_detection/data/out_txt --ready-timeout 300.0 --wake-at 0.85 --sleep-at 0.4 --ema-alpha 0.4
{"t": 0.0, "state": "SLEEPING", "event": "listening", "sock": "mmap_sandbox/results/burst_vs_continuous_run1/continuous_lp_0/watcher.sock", "wake_mode": "continuous", "pace_mbps": 350.0}
[continuous_lp_0] launch mht_sim: /home/student/Documents/projects/wildfire_detection/.venv/bin/python3 /home/student/Documents/projects/wildfire_detection/fire_watcher/mht_sim.py mmap_sandbox/results/burst_vs_continuous_run1/continuous_lp_0/watcher.sock 0.20:5,0.95:600 --interval 0.5 --noise 0.0 --seed 42
[continuous_lp_0] waiting for 'awake' (timeout 360s) ...
{"t": 0.078, "state": "SLEEPING", "event": "confidence", "value": 0.2, "smoothed": 0.2}
{"t": 0.578, "state": "SLEEPING", "event": "confidence", "value": 0.2, "smoothed": 0.2}
{"t": 1.078, "state": "SLEEPING", "event": "confidence", "value": 0.2, "smoothed": 0.2}
{"t": 1.579, "state": "SLEEPING", "event": "confidence", "value": 0.2, "smoothed": 0.2}
{"t": 2.079, "state": "SLEEPING", "event": "confidence", "value": 0.2, "smoothed": 0.2}
{"t": 2.579, "state": "SLEEPING", "event": "confidence", "value": 0.2, "smoothed": 0.2}
{"t": 3.079, "state": "SLEEPING", "event": "confidence", "value": 0.2, "smoothed": 0.2}
{"t": 3.58, "state": "SLEEPING", "event": "confidence", "value": 0.2, "smoothed": 0.2}
{"t": 4.08, "state": "SLEEPING", "event": "confidence", "value": 0.2, "smoothed": 0.2}
{"t": 4.58, "state": "SLEEPING", "event": "confidence", "value": 0.2, "smoothed": 0.2}
{"t": 5.081, "state": "SLEEPING", "event": "confidence", "value": 0.95, "smoothed": 0.5}
{"t": 5.581, "state": "SLEEPING", "event": "confidence", "value": 0.95, "smoothed": 0.68}
{"t": 6.081, "state": "SLEEPING", "event": "confidence", "value": 0.95, "smoothed": 0.788}
{"t": 6.581, "state": "SLEEPING", "event": "confidence", "value": 0.95, "smoothed": 0.853}
{"t": 6.583, "state": "WAKING", "event": "wake_start", "confidence": 0.8528, "from_state": "SLEEPING", "mode": "continuous"}
{"t": 7.086, "state": "WAKING", "event": "confidence", "value": 0.95, "smoothed": 0.892}
{"t": 7.582, "state": "WAKING", "event": "confidence", "value": 0.95, "smoothed": 0.915}
{"t": 8.09, "state": "WAKING", "event": "confidence", "value": 0.95, "smoothed": 0.929}
{"t": 8.582, "state": "WAKING", "event": "confidence", "value": 0.95, "smoothed": 0.937}
{"t": 9.1, "state": "WAKING", "event": "confidence", "value": 0.95, "smoothed": 0.942}
{"t": 9.583, "state": "WAKING", "event": "confidence", "value": 0.95, "smoothed": 0.945}
{"t": 10.083, "state": "WAKING", "event": "confidence", "value": 0.95, "smoothed": 0.947}
{"t": 10.584, "state": "WAKING", "event": "confidence", "value": 0.95, "smoothed": 0.948}
{"t": 11.083, "state": "WAKING", "event": "confidence", "value": 0.95, "smoothed": 0.949}
{"t": 11.591, "state": "WAKING", "event": "confidence", "value": 0.95, "smoothed": 0.949}
{"t": 12.084, "state": "WAKING", "event": "confidence", "value": 0.95, "smoothed": 0.95}
{"t": 12.598, "state": "WAKING", "event": "confidence", "value": 0.95, "smoothed": 0.95}
{"t": 13.084, "state": "WAKING", "event": "confidence", "value": 0.95, "smoothed": 0.95}
{"t": 13.603, "state": "WAKING", "event": "confidence", "value": 0.95, "smoothed": 0.95}
{"t": 14.085, "state": "WAKING", "event": "confidence", "value": 0.95, "smoothed": 0.95}
{"t": 14.585, "state": "WAKING", "event": "confidence", "value": 0.95, "smoothed": 0.95}
{"t": 14.74, "state": "WAKING", "event": "continuous_preload_done", "mb": 2814, "seconds": 8.16, "pace_mbps": 350}
{"t": 15.086, "state": "WAKING", "event": "confidence", "value": 0.95, "smoothed": 0.95}
{"t": 15.586, "state": "WAKING", "event": "confidence", "value": 0.95, "smoothed": 0.95}
{"t": 16.086, "state": "WAKING", "event": "confidence", "value": 0.95, "smoothed": 0.95}
{"t": 16.586, "state": "WAKING", "event": "confidence", "value": 0.95, "smoothed": 0.95}
{"t": 17.087, "state": "WAKING", "event": "confidence", "value": 0.95, "smoothed": 0.95}
{"t": 17.587, "state": "WAKING", "event": "confidence", "value": 0.95, "smoothed": 0.95}
{"t": 18.087, "state": "WAKING", "event": "confidence", "value": 0.95, "smoothed": 0.95}
{"t": 18.587, "state": "WAKING", "event": "confidence", "value": 0.95, "smoothed": 0.95}
{"t": 19.087, "state": "WAKING", "event": "confidence", "value": 0.95, "smoothed": 0.95}
{"t": 19.588, "state": "WAKING", "event": "confidence", "value": 0.95, "smoothed": 0.95}
{"t": 20.088, "state": "WAKING", "event": "confidence", "value": 0.95, "smoothed": 0.95}
{"t": 20.588, "state": "WAKING", "event": "confidence", "value": 0.95, "smoothed": 0.95}
{"t": 21.088, "state": "WAKING", "event": "confidence", "value": 0.95, "smoothed": 0.95}
{"t": 21.588, "state": "WAKING", "event": "confidence", "value": 0.95, "smoothed": 0.95}
{"t": 22.088, "state": "WAKING", "event": "confidence", "value": 0.95, "smoothed": 0.95}
{"t": 22.589, "state": "WAKING", "event": "confidence", "value": 0.95, "smoothed": 0.95}
{"t": 23.089, "state": "WAKING", "event": "confidence", "value": 0.95, "smoothed": 0.95}
{"t": 23.589, "state": "WAKING", "event": "confidence", "value": 0.95, "smoothed": 0.95}
{"t": 24.089, "state": "WAKING", "event": "confidence", "value": 0.95, "smoothed": 0.95}
{"t": 24.589, "state": "WAKING", "event": "confidence", "value": 0.95, "smoothed": 0.95}
{"t": 25.09, "state": "WAKING", "event": "confidence", "value": 0.95, "smoothed": 0.95}
{"t": 25.59, "state": "WAKING", "event": "confidence", "value": 0.95, "smoothed": 0.95}
{"t": 26.09, "state": "WAKING", "event": "confidence", "value": 0.95, "smoothed": 0.95}
{"t": 26.59, "state": "WAKING", "event": "confidence", "value": 0.95, "smoothed": 0.95}
{"t": 27.091, "state": "WAKING", "event": "confidence", "value": 0.95, "smoothed": 0.95}
{"t": 27.591, "state": "WAKING", "event": "confidence", "value": 0.95, "smoothed": 0.95}
{"t": 28.091, "state": "WAKING", "event": "confidence", "value": 0.95, "smoothed": 0.95}
{"t": 28.591, "state": "WAKING", "event": "confidence", "value": 0.95, "smoothed": 0.95}
{"t": 29.092, "state": "WAKING", "event": "confidence", "value": 0.95, "smoothed": 0.95}
{"t": 29.592, "state": "WAKING", "event": "confidence", "value": 0.95, "smoothed": 0.95}
{"t": 30.092, "state": "WAKING", "event": "confidence", "value": 0.95, "smoothed": 0.95}
{"t": 30.592, "state": "WAKING", "event": "confidence", "value": 0.95, "smoothed": 0.95}
{"t": 31.092, "state": "WAKING", "event": "confidence", "value": 0.95, "smoothed": 0.95}
{"t": 31.593, "state": "WAKING", "event": "confidence", "value": 0.95, "smoothed": 0.95}
{"t": 32.093, "state": "WAKING", "event": "confidence", "value": 0.95, "smoothed": 0.95}
{"t": 32.593, "state": "WAKING", "event": "confidence", "value": 0.95, "smoothed": 0.95}
{"t": 33.093, "state": "WAKING", "event": "confidence", "value": 0.95, "smoothed": 0.95}
{"t": 33.593, "state": "WAKING", "event": "confidence", "value": 0.95, "smoothed": 0.95}
{"t": 34.093, "state": "WAKING", "event": "confidence", "value": 0.95, "smoothed": 0.95}
{"t": 34.594, "state": "WAKING", "event": "confidence", "value": 0.95, "smoothed": 0.95}
{"t": 35.094, "state": "WAKING", "event": "confidence", "value": 0.95, "smoothed": 0.95}
{"t": 35.594, "state": "WAKING", "event": "confidence", "value": 0.95, "smoothed": 0.95}
{"t": 36.094, "state": "WAKING", "event": "confidence", "value": 0.95, "smoothed": 0.95}
{"t": 36.594, "state": "WAKING", "event": "confidence", "value": 0.95, "smoothed": 0.95}
{"t": 37.095, "state": "WAKING", "event": "confidence", "value": 0.95, "smoothed": 0.95}
{"t": 37.595, "state": "WAKING", "event": "confidence", "value": 0.95, "smoothed": 0.95}
{"t": 38.095, "state": "WAKING", "event": "confidence", "value": 0.95, "smoothed": 0.95}
{"t": 38.595, "state": "WAKING", "event": "confidence", "value": 0.95, "smoothed": 0.95}
{"t": 39.095, "state": "WAKING", "event": "confidence", "value": 0.95, "smoothed": 0.95}
{"t": 39.596, "state": "WAKING", "event": "confidence", "value": 0.95, "smoothed": 0.95}
{"t": 40.096, "state": "WAKING", "event": "confidence", "value": 0.95, "smoothed": 0.95}
{"t": 40.596, "state": "WAKING", "event": "confidence", "value": 0.95, "smoothed": 0.95}
{"t": 41.096, "state": "WAKING", "event": "confidence", "value": 0.95, "smoothed": 0.95}
{"t": 41.596, "state": "WAKING", "event": "confidence", "value": 0.95, "smoothed": 0.95}
{"t": 42.097, "state": "WAKING", "event": "confidence", "value": 0.95, "smoothed": 0.95}
{"t": 42.597, "state": "WAKING", "event": "confidence", "value": 0.95, "smoothed": 0.95}
{"t": 43.097, "state": "WAKING", "event": "confidence", "value": 0.95, "smoothed": 0.95}
{"t": 43.597, "state": "WAKING", "event": "confidence", "value": 0.95, "smoothed": 0.95}
{"t": 44.097, "state": "WAKING", "event": "confidence", "value": 0.95, "smoothed": 0.95}
{"t": 44.597, "state": "WAKING", "event": "confidence", "value": 0.95, "smoothed": 0.95}
{"t": 45.098, "state": "WAKING", "event": "confidence", "value": 0.95, "smoothed": 0.95}
{"t": 45.598, "state": "WAKING", "event": "confidence", "value": 0.95, "smoothed": 0.95}
{"t": 46.098, "state": "WAKING", "event": "confidence", "value": 0.95, "smoothed": 0.95}
{"t": 46.598, "state": "WAKING", "event": "confidence", "value": 0.95, "smoothed": 0.95}
{"t": 47.098, "state": "WAKING", "event": "confidence", "value": 0.95, "smoothed": 0.95}
{"t": 47.599, "state": "WAKING", "event": "confidence", "value": 0.95, "smoothed": 0.95}
{"t": 48.099, "state": "WAKING", "event": "confidence", "value": 0.95, "smoothed": 0.95}
{"t": 48.599, "state": "WAKING", "event": "confidence", "value": 0.95, "smoothed": 0.95}
{"t": 49.099, "state": "WAKING", "event": "confidence", "value": 0.95, "smoothed": 0.95}
{"t": 49.599, "state": "WAKING", "event": "confidence", "value": 0.95, "smoothed": 0.95}
{"t": 50.1, "state": "WAKING", "event": "confidence", "value": 0.95, "smoothed": 0.95}
{"t": 50.6, "state": "WAKING", "event": "confidence", "value": 0.95, "smoothed": 0.95}
{"t": 51.1, "state": "WAKING", "event": "confidence", "value": 0.95, "smoothed": 0.95}
{"t": 51.6, "state": "WAKING", "event": "confidence", "value": 0.95, "smoothed": 0.95}
{"t": 52.1, "state": "WAKING", "event": "confidence", "value": 0.95, "smoothed": 0.95}
{"t": 52.6, "state": "WAKING", "event": "confidence", "value": 0.95, "smoothed": 0.95}
{"t": 53.101, "state": "WAKING", "event": "confidence", "value": 0.95, "smoothed": 0.95}
{"t": 53.601, "state": "WAKING", "event": "confidence", "value": 0.95, "smoothed": 0.95}
{"t": 54.101, "state": "WAKING", "event": "confidence", "value": 0.95, "smoothed": 0.95}
{"t": 54.601, "state": "WAKING", "event": "confidence", "value": 0.95, "smoothed": 0.95}
{"t": 55.101, "state": "WAKING", "event": "confidence", "value": 0.95, "smoothed": 0.95}
{"t": 55.602, "state": "WAKING", "event": "confidence", "value": 0.95, "smoothed": 0.95}
{"t": 56.102, "state": "WAKING", "event": "confidence", "value": 0.95, "smoothed": 0.95}
{"t": 56.602, "state": "WAKING", "event": "confidence", "value": 0.95, "smoothed": 0.95}
{"t": 57.102, "state": "WAKING", "event": "confidence", "value": 0.95, "smoothed": 0.95}
{"t": 57.602, "state": "WAKING", "event": "confidence", "value": 0.95, "smoothed": 0.95}
{"t": 58.102, "state": "WAKING", "event": "confidence", "value": 0.95, "smoothed": 0.95}
{"t": 58.603, "state": "WAKING", "event": "confidence", "value": 0.95, "smoothed": 0.95}
{"t": 59.103, "state": "WAKING", "event": "confidence", "value": 0.95, "smoothed": 0.95}
{"t": 59.603, "state": "WAKING", "event": "confidence", "value": 0.95, "smoothed": 0.95}
{"t": 60.103, "state": "WAKING", "event": "confidence", "value": 0.95, "smoothed": 0.95}
{"t": 60.603, "state": "WAKING", "event": "confidence", "value": 0.95, "smoothed": 0.95}
{"t": 61.104, "state": "WAKING", "event": "confidence", "value": 0.95, "smoothed": 0.95}
{"t": 61.604, "state": "WAKING", "event": "confidence", "value": 0.95, "smoothed": 0.95}
{"t": 62.11, "state": "WAKING", "event": "confidence", "value": 0.95, "smoothed": 0.95}
{"t": 62.604, "state": "WAKING", "event": "confidence", "value": 0.95, "smoothed": 0.95}
{"t": 63.105, "state": "WAKING", "event": "confidence", "value": 0.95, "smoothed": 0.95}
{"t": 63.605, "state": "WAKING", "event": "confidence", "value": 0.95, "smoothed": 0.95}
{"t": 64.105, "state": "WAKING", "event": "confidence", "value": 0.95, "smoothed": 0.95}
{"t": 64.605, "state": "WAKING", "event": "confidence", "value": 0.95, "smoothed": 0.95}
{"t": 65.105, "state": "WAKING", "event": "confidence", "value": 0.95, "smoothed": 0.95}
{"t": 65.605, "state": "WAKING", "event": "confidence", "value": 0.95, "smoothed": 0.95}
{"t": 66.106, "state": "WAKING", "event": "confidence", "value": 0.95, "smoothed": 0.95}
{"t": 66.606, "state": "WAKING", "event": "confidence", "value": 0.95, "smoothed": 0.95}
{"t": 67.106, "state": "WAKING", "event": "confidence", "value": 0.95, "smoothed": 0.95}
{"t": 67.606, "state": "WAKING", "event": "confidence", "value": 0.95, "smoothed": 0.95}
{"t": 68.106, "state": "WAKING", "event": "confidence", "value": 0.95, "smoothed": 0.95}
{"t": 68.606, "state": "WAKING", "event": "confidence", "value": 0.95, "smoothed": 0.95}
{"t": 69.107, "state": "WAKING", "event": "confidence", "value": 0.95, "smoothed": 0.95}
{"t": 69.607, "state": "WAKING", "event": "confidence", "value": 0.95, "smoothed": 0.95}
{"t": 70.107, "state": "WAKING", "event": "confidence", "value": 0.95, "smoothed": 0.95}
{"t": 70.607, "state": "WAKING", "event": "confidence", "value": 0.95, "smoothed": 0.95}
{"t": 71.108, "state": "WAKING", "event": "confidence", "value": 0.95, "smoothed": 0.95}
{"t": 71.608, "state": "WAKING", "event": "confidence", "value": 0.95, "smoothed": 0.95}
{"t": 72.108, "state": "WAKING", "event": "confidence", "value": 0.95, "smoothed": 0.95}
{"t": 72.608, "state": "WAKING", "event": "confidence", "value": 0.95, "smoothed": 0.95}
{"t": 73.109, "state": "WAKING", "event": "confidence", "value": 0.95, "smoothed": 0.95}
{"t": 73.609, "state": "WAKING", "event": "confidence", "value": 0.95, "smoothed": 0.95}
{"t": 74.109, "state": "WAKING", "event": "confidence", "value": 0.95, "smoothed": 0.95}
{"t": 74.609, "state": "WAKING", "event": "confidence", "value": 0.95, "smoothed": 0.95}
{"t": 75.11, "state": "WAKING", "event": "confidence", "value": 0.95, "smoothed": 0.95}
{"t": 75.61, "state": "WAKING", "event": "confidence", "value": 0.95, "smoothed": 0.95}
{"t": 76.11, "state": "WAKING", "event": "confidence", "value": 0.95, "smoothed": 0.95}
{"t": 76.61, "state": "WAKING", "event": "confidence", "value": 0.95, "smoothed": 0.95}
{"t": 77.111, "state": "WAKING", "event": "confidence", "value": 0.95, "smoothed": 0.95}
{"t": 77.611, "state": "WAKING", "event": "confidence", "value": 0.95, "smoothed": 0.95}
{"t": 78.111, "state": "WAKING", "event": "confidence", "value": 0.95, "smoothed": 0.95}
{"t": 78.611, "state": "WAKING", "event": "confidence", "value": 0.95, "smoothed": 0.95}
{"t": 79.112, "state": "WAKING", "event": "confidence", "value": 0.95, "smoothed": 0.95}
{"t": 79.612, "state": "WAKING", "event": "confidence", "value": 0.95, "smoothed": 0.95}
{"t": 80.112, "state": "WAKING", "event": "confidence", "value": 0.95, "smoothed": 0.95}
{"t": 80.612, "state": "WAKING", "event": "confidence", "value": 0.95, "smoothed": 0.95}
{"t": 81.112, "state": "WAKING", "event": "confidence", "value": 0.95, "smoothed": 0.95}
{"t": 81.613, "state": "WAKING", "event": "confidence", "value": 0.95, "smoothed": 0.95}
{"t": 82.113, "state": "WAKING", "event": "confidence", "value": 0.95, "smoothed": 0.95}
{"t": 82.613, "state": "WAKING", "event": "confidence", "value": 0.95, "smoothed": 0.95}
{"t": 83.114, "state": "WAKING", "event": "confidence", "value": 0.95, "smoothed": 0.95}
{"t": 83.614, "state": "WAKING", "event": "confidence", "value": 0.95, "smoothed": 0.95}
{"t": 84.114, "state": "WAKING", "event": "confidence", "value": 0.95, "smoothed": 0.95}
{"t": 84.614, "state": "WAKING", "event": "confidence", "value": 0.95, "smoothed": 0.95}
{"t": 85.115, "state": "WAKING", "event": "confidence", "value": 0.95, "smoothed": 0.95}
{"t": 85.615, "state": "WAKING", "event": "confidence", "value": 0.95, "smoothed": 0.95}
{"t": 86.115, "state": "WAKING", "event": "confidence", "value": 0.95, "smoothed": 0.95}
{"t": 86.615, "state": "WAKING", "event": "confidence", "value": 0.95, "smoothed": 0.95}
{"t": 87.116, "state": "WAKING", "event": "confidence", "value": 0.95, "smoothed": 0.95}
{"t": 87.616, "state": "WAKING", "event": "confidence", "value": 0.95, "smoothed": 0.95}
{"t": 88.116, "state": "WAKING", "event": "confidence", "value": 0.95, "smoothed": 0.95}
{"t": 88.616, "state": "WAKING", "event": "confidence", "value": 0.95, "smoothed": 0.95}
{"t": 89.117, "state": "WAKING", "event": "confidence", "value": 0.95, "smoothed": 0.95}
{"t": 89.617, "state": "WAKING", "event": "confidence", "value": 0.95, "smoothed": 0.95}
{"t": 90.117, "state": "WAKING", "event": "confidence", "value": 0.95, "smoothed": 0.95}
{"t": 90.617, "state": "WAKING", "event": "confidence", "value": 0.95, "smoothed": 0.95}
{"t": 91.118, "state": "WAKING", "event": "confidence", "value": 0.95, "smoothed": 0.95}
{"t": 91.618, "state": "WAKING", "event": "confidence", "value": 0.95, "smoothed": 0.95}
{"t": 92.118, "state": "WAKING", "event": "confidence", "value": 0.95, "smoothed": 0.95}
{"t": 92.618, "state": "WAKING", "event": "confidence", "value": 0.95, "smoothed": 0.95}
{"t": 93.119, "state": "WAKING", "event": "confidence", "value": 0.95, "smoothed": 0.95}
{"t": 93.619, "state": "WAKING", "event": "confidence", "value": 0.95, "smoothed": 0.95}
{"t": 94.119, "state": "WAKING", "event": "confidence", "value": 0.95, "smoothed": 0.95}
{"t": 94.619, "state": "WAKING", "event": "confidence", "value": 0.95, "smoothed": 0.95}
{"t": 95.119, "state": "WAKING", "event": "confidence", "value": 0.95, "smoothed": 0.95}
{"t": 95.62, "state": "WAKING", "event": "confidence", "value": 0.95, "smoothed": 0.95}
{"t": 96.121, "state": "WAKING", "event": "confidence", "value": 0.95, "smoothed": 0.95}
{"t": 96.621, "state": "WAKING", "event": "confidence", "value": 0.95, "smoothed": 0.95}
{"t": 97.122, "state": "WAKING", "event": "confidence", "value": 0.95, "smoothed": 0.95}
{"t": 97.622, "state": "WAKING", "event": "confidence", "value": 0.95, "smoothed": 0.95}
{"t": 98.122, "state": "WAKING", "event": "confidence", "value": 0.95, "smoothed": 0.95}
{"t": 98.622, "state": "WAKING", "event": "confidence", "value": 0.95, "smoothed": 0.95}
{"t": 99.122, "state": "WAKING", "event": "confidence", "value": 0.95, "smoothed": 0.95}
{"t": 99.623, "state": "WAKING", "event": "confidence", "value": 0.95, "smoothed": 0.95}
{"t": 100.123, "state": "WAKING", "event": "confidence", "value": 0.95, "smoothed": 0.95}
{"t": 100.623, "state": "WAKING", "event": "confidence", "value": 0.95, "smoothed": 0.95}
{"t": 101.124, "state": "WAKING", "event": "confidence", "value": 0.95, "smoothed": 0.95}
{"t": 101.624, "state": "WAKING", "event": "confidence", "value": 0.95, "smoothed": 0.95}
{"t": 102.124, "state": "WAKING", "event": "confidence", "value": 0.95, "smoothed": 0.95}
{"t": 102.625, "state": "WAKING", "event": "confidence", "value": 0.95, "smoothed": 0.95}
{"t": 103.125, "state": "WAKING", "event": "confidence", "value": 0.95, "smoothed": 0.95}
{"t": 103.625, "state": "WAKING", "event": "confidence", "value": 0.95, "smoothed": 0.95}
{"t": 104.125, "state": "WAKING", "event": "confidence", "value": 0.95, "smoothed": 0.95}
{"t": 104.626, "state": "WAKING", "event": "confidence", "value": 0.95, "smoothed": 0.95}
{"t": 105.126, "state": "WAKING", "event": "confidence", "value": 0.95, "smoothed": 0.95}
{"t": 105.626, "state": "WAKING", "event": "confidence", "value": 0.95, "smoothed": 0.95}
{"t": 106.127, "state": "WAKING", "event": "confidence", "value": 0.95, "smoothed": 0.95}
{"t": 106.627, "state": "WAKING", "event": "confidence", "value": 0.95, "smoothed": 0.95}
{"t": 107.127, "state": "WAKING", "event": "confidence", "value": 0.95, "smoothed": 0.95}
{"t": 107.627, "state": "WAKING", "event": "confidence", "value": 0.95, "smoothed": 0.95}
{"t": 108.128, "state": "WAKING", "event": "confidence", "value": 0.95, "smoothed": 0.95}
{"t": 108.628, "state": "WAKING", "event": "confidence", "value": 0.95, "smoothed": 0.95}
{"t": 109.128, "state": "WAKING", "event": "confidence", "value": 0.95, "smoothed": 0.95}
{"t": 109.628, "state": "WAKING", "event": "confidence", "value": 0.95, "smoothed": 0.95}
{"t": 110.128, "state": "WAKING", "event": "confidence", "value": 0.95, "smoothed": 0.95}
{"t": 110.628, "state": "WAKING", "event": "confidence", "value": 0.95, "smoothed": 0.95}
{"t": 111.129, "state": "WAKING", "event": "confidence", "value": 0.95, "smoothed": 0.95}
{"t": 111.629, "state": "WAKING", "event": "confidence", "value": 0.95, "smoothed": 0.95}
{"t": 112.129, "state": "WAKING", "event": "confidence", "value": 0.95, "smoothed": 0.95}
{"t": 112.629, "state": "WAKING", "event": "confidence", "value": 0.95, "smoothed": 0.95}
{"t": 113.129, "state": "WAKING", "event": "confidence", "value": 0.95, "smoothed": 0.95}
{"t": 113.63, "state": "WAKING", "event": "confidence", "value": 0.95, "smoothed": 0.95}
{"t": 114.13, "state": "WAKING", "event": "confidence", "value": 0.95, "smoothed": 0.95}
{"t": 114.63, "state": "WAKING", "event": "confidence", "value": 0.95, "smoothed": 0.95}
{"t": 115.13, "state": "WAKING", "event": "confidence", "value": 0.95, "smoothed": 0.95}
{"t": 115.63, "state": "WAKING", "event": "confidence", "value": 0.95, "smoothed": 0.95}
{"t": 116.131, "state": "WAKING", "event": "confidence", "value": 0.95, "smoothed": 0.95}
{"t": 116.631, "state": "WAKING", "event": "confidence", "value": 0.95, "smoothed": 0.95}
{"t": 117.131, "state": "WAKING", "event": "confidence", "value": 0.95, "smoothed": 0.95}
{"t": 117.631, "state": "WAKING", "event": "confidence", "value": 0.95, "smoothed": 0.95}
{"t": 118.131, "state": "WAKING", "event": "confidence", "value": 0.95, "smoothed": 0.95}
{"t": 118.631, "state": "WAKING", "event": "confidence", "value": 0.95, "smoothed": 0.95}
{"t": 119.132, "state": "WAKING", "event": "confidence", "value": 0.95, "smoothed": 0.95}
{"t": 119.632, "state": "WAKING", "event": "confidence", "value": 0.95, "smoothed": 0.95}
{"t": 120.132, "state": "WAKING", "event": "confidence", "value": 0.95, "smoothed": 0.95}
{"t": 120.632, "state": "WAKING", "event": "confidence", "value": 0.95, "smoothed": 0.95}
{"t": 121.132, "state": "WAKING", "event": "confidence", "value": 0.95, "smoothed": 0.95}
{"t": 121.633, "state": "WAKING", "event": "confidence", "value": 0.95, "smoothed": 0.95}
{"t": 122.133, "state": "WAKING", "event": "confidence", "value": 0.95, "smoothed": 0.95}
{"t": 122.633, "state": "WAKING", "event": "confidence", "value": 0.95, "smoothed": 0.95}
{"t": 123.133, "state": "WAKING", "event": "confidence", "value": 0.95, "smoothed": 0.95}
{"t": 123.633, "state": "WAKING", "event": "confidence", "value": 0.95, "smoothed": 0.95}
{"t": 124.133, "state": "WAKING", "event": "confidence", "value": 0.95, "smoothed": 0.95}
{"t": 124.634, "state": "WAKING", "event": "confidence", "value": 0.95, "smoothed": 0.95}
{"t": 125.134, "state": "WAKING", "event": "confidence", "value": 0.95, "smoothed": 0.95}
{"t": 125.634, "state": "WAKING", "event": "confidence", "value": 0.95, "smoothed": 0.95}
{"t": 126.134, "state": "WAKING", "event": "confidence", "value": 0.95, "smoothed": 0.95}
{"t": 126.635, "state": "WAKING", "event": "confidence", "value": 0.95, "smoothed": 0.95}
{"t": 127.135, "state": "WAKING", "event": "confidence", "value": 0.95, "smoothed": 0.95}
{"t": 127.635, "state": "WAKING", "event": "confidence", "value": 0.95, "smoothed": 0.95}
{"t": 128.136, "state": "WAKING", "event": "confidence", "value": 0.95, "smoothed": 0.95}
{"t": 128.636, "state": "WAKING", "event": "confidence", "value": 0.95, "smoothed": 0.95}
{"t": 129.136, "state": "WAKING", "event": "confidence", "value": 0.95, "smoothed": 0.95}
{"t": 129.636, "state": "WAKING", "event": "confidence", "value": 0.95, "smoothed": 0.95}
{"t": 130.136, "state": "WAKING", "event": "confidence", "value": 0.95, "smoothed": 0.95}
{"t": 130.636, "state": "WAKING", "event": "confidence", "value": 0.95, "smoothed": 0.95}
{"t": 131.137, "state": "WAKING", "event": "confidence", "value": 0.95, "smoothed": 0.95}
{"t": 131.637, "state": "WAKING", "event": "confidence", "value": 0.95, "smoothed": 0.95}
{"t": 132.137, "state": "WAKING", "event": "confidence", "value": 0.95, "smoothed": 0.95}
{"t": 132.637, "state": "WAKING", "event": "confidence", "value": 0.95, "smoothed": 0.95}
{"t": 133.137, "state": "WAKING", "event": "confidence", "value": 0.95, "smoothed": 0.95}
{"t": 133.639, "state": "WAKING", "event": "confidence", "value": 0.95, "smoothed": 0.95}
{"t": 134.139, "state": "WAKING", "event": "confidence", "value": 0.95, "smoothed": 0.95}
{"t": 134.639, "state": "WAKING", "event": "confidence", "value": 0.95, "smoothed": 0.95}
{"t": 135.139, "state": "WAKING", "event": "confidence", "value": 0.95, "smoothed": 0.95}
{"t": 135.639, "state": "WAKING", "event": "confidence", "value": 0.95, "smoothed": 0.95}
{"t": 136.14, "state": "WAKING", "event": "confidence", "value": 0.95, "smoothed": 0.95}
{"t": 136.64, "state": "WAKING", "event": "confidence", "value": 0.95, "smoothed": 0.95}
{"t": 137.14, "state": "WAKING", "event": "confidence", "value": 0.95, "smoothed": 0.95}
{"t": 137.64, "state": "WAKING", "event": "confidence", "value": 0.95, "smoothed": 0.95}
{"t": 138.14, "state": "WAKING", "event": "confidence", "value": 0.95, "smoothed": 0.95}
{"t": 138.64, "state": "WAKING", "event": "confidence", "value": 0.95, "smoothed": 0.95}
{"t": 139.141, "state": "WAKING", "event": "confidence", "value": 0.95, "smoothed": 0.95}
{"t": 139.641, "state": "WAKING", "event": "confidence", "value": 0.95, "smoothed": 0.95}
{"t": 140.141, "state": "WAKING", "event": "confidence", "value": 0.95, "smoothed": 0.95}
{"t": 140.641, "state": "WAKING", "event": "confidence", "value": 0.95, "smoothed": 0.95}
{"t": 141.141, "state": "WAKING", "event": "confidence", "value": 0.95, "smoothed": 0.95}
{"t": 141.641, "state": "WAKING", "event": "confidence", "value": 0.95, "smoothed": 0.95}
{"t": 142.142, "state": "WAKING", "event": "confidence", "value": 0.95, "smoothed": 0.95}
{"t": 142.642, "state": "WAKING", "event": "confidence", "value": 0.95, "smoothed": 0.95}
{"t": 143.142, "state": "WAKING", "event": "confidence", "value": 0.95, "smoothed": 0.95}
{"t": 143.642, "state": "WAKING", "event": "confidence", "value": 0.95, "smoothed": 0.95}
{"t": 144.142, "state": "WAKING", "event": "confidence", "value": 0.95, "smoothed": 0.95}
{"t": 144.642, "state": "WAKING", "event": "confidence", "value": 0.95, "smoothed": 0.95}
{"t": 145.143, "state": "WAKING", "event": "confidence", "value": 0.95, "smoothed": 0.95}
{"t": 145.643, "state": "WAKING", "event": "confidence", "value": 0.95, "smoothed": 0.95}
{"t": 146.143, "state": "WAKING", "event": "confidence", "value": 0.95, "smoothed": 0.95}
{"t": 146.643, "state": "WAKING", "event": "confidence", "value": 0.95, "smoothed": 0.95}
{"t": 147.144, "state": "WAKING", "event": "confidence", "value": 0.95, "smoothed": 0.95}
{"t": 147.644, "state": "WAKING", "event": "confidence", "value": 0.95, "smoothed": 0.95}
{"t": 148.144, "state": "WAKING", "event": "confidence", "value": 0.95, "smoothed": 0.95}
{"t": 148.644, "state": "WAKING", "event": "confidence", "value": 0.95, "smoothed": 0.95}
{"t": 149.144, "state": "WAKING", "event": "confidence", "value": 0.95, "smoothed": 0.95}
{"t": 149.644, "state": "WAKING", "event": "confidence", "value": 0.95, "smoothed": 0.95}
{"t": 150.145, "state": "WAKING", "event": "confidence", "value": 0.95, "smoothed": 0.95}
{"t": 150.645, "state": "WAKING", "event": "confidence", "value": 0.95, "smoothed": 0.95}
{"t": 151.145, "state": "WAKING", "event": "confidence", "value": 0.95, "smoothed": 0.95}
{"t": 151.645, "state": "WAKING", "event": "confidence", "value": 0.95, "smoothed": 0.95}
{"t": 152.145, "state": "WAKING", "event": "confidence", "value": 0.95, "smoothed": 0.95}
{"t": 152.646, "state": "WAKING", "event": "confidence", "value": 0.95, "smoothed": 0.95}
{"t": 153.146, "state": "WAKING", "event": "confidence", "value": 0.95, "smoothed": 0.95}
{"t": 153.646, "state": "WAKING", "event": "confidence", "value": 0.95, "smoothed": 0.95}
{"t": 154.146, "state": "WAKING", "event": "confidence", "value": 0.95, "smoothed": 0.95}
{"t": 154.647, "state": "WAKING", "event": "confidence", "value": 0.95, "smoothed": 0.95}
{"t": 155.147, "state": "WAKING", "event": "confidence", "value": 0.95, "smoothed": 0.95}
{"t": 155.647, "state": "WAKING", "event": "confidence", "value": 0.95, "smoothed": 0.95}
{"t": 156.148, "state": "WAKING", "event": "confidence", "value": 0.95, "smoothed": 0.95}
{"t": 156.648, "state": "WAKING", "event": "confidence", "value": 0.95, "smoothed": 0.95}
{"t": 157.148, "state": "WAKING", "event": "confidence", "value": 0.95, "smoothed": 0.95}
{"t": 157.649, "state": "WAKING", "event": "confidence", "value": 0.95, "smoothed": 0.95}
{"t": 158.149, "state": "WAKING", "event": "confidence", "value": 0.95, "smoothed": 0.95}
{"t": 158.649, "state": "WAKING", "event": "confidence", "value": 0.95, "smoothed": 0.95}
{"t": 159.149, "state": "WAKING", "event": "confidence", "value": 0.95, "smoothed": 0.95}
{"t": 159.65, "state": "WAKING", "event": "confidence", "value": 0.95, "smoothed": 0.95}
{"t": 160.15, "state": "WAKING", "event": "confidence", "value": 0.95, "smoothed": 0.95}
{"t": 160.65, "state": "WAKING", "event": "confidence", "value": 0.95, "smoothed": 0.95}
{"t": 161.15, "state": "WAKING", "event": "confidence", "value": 0.95, "smoothed": 0.95}
{"t": 161.65, "state": "WAKING", "event": "confidence", "value": 0.95, "smoothed": 0.95}
{"t": 162.15, "state": "WAKING", "event": "confidence", "value": 0.95, "smoothed": 0.95}
{"t": 162.651, "state": "WAKING", "event": "confidence", "value": 0.95, "smoothed": 0.95}
{"t": 163.051, "state": "AWAKE", "event": "awake", "wake_seconds": 156.47, "loader": {"compose_up_seconds": 3.14, "first_output_seconds": 148.31}}
{"t": 163.151, "state": "AWAKE", "event": "confidence", "value": 0.95, "smoothed": 0.95}
[continuous_lp_0] done: latency=156.47s
cooldown up to 30.0s (baseline tj=50.593)...
[continuous_lp_1] docker compose down + drop page cache
[continuous_lp_1] tegrastats -> mmap_sandbox/results/burst_vs_continuous_run1/continuous_lp_1/tegrastats.log
[continuous_lp_1] launch watcher: /home/student/Documents/projects/wildfire_detection/.venv/bin/python3 /home/student/Documents/projects/wildfire_detection/mmap_sandbox/burst_vs_continuous/continuous_watcher.py --sock mmap_sandbox/results/burst_vs_continuous_run1/continuous_lp_1/watcher.sock --log mmap_sandbox/results/burst_vs_continuous_run1/continuous_lp_1/watch.jsonl --pace-mbps 350.0 --compose-file /home/student/Documents/projects/wildfire_detection/docker-compose_fused_system.yaml --ready-file /home/student/Documents/projects/wildfire_detection/data/out_txt --ready-timeout 300.0 --wake-at 0.85 --sleep-at 0.4 --ema-alpha 0.4
{"t": 0.0, "state": "SLEEPING", "event": "listening", "sock": "mmap_sandbox/results/burst_vs_continuous_run1/continuous_lp_1/watcher.sock", "wake_mode": "continuous", "pace_mbps": 350.0}
[continuous_lp_1] launch mht_sim: /home/student/Documents/projects/wildfire_detection/.venv/bin/python3 /home/student/Documents/projects/wildfire_detection/fire_watcher/mht_sim.py mmap_sandbox/results/burst_vs_continuous_run1/continuous_lp_1/watcher.sock 0.20:5,0.95:600 --interval 0.5 --noise 0.0 --seed 42
[continuous_lp_1] waiting for 'awake' (timeout 360s) ...
{"t": 0.136, "state": "SLEEPING", "event": "confidence", "value": 0.2, "smoothed": 0.2}
{"t": 0.636, "state": "SLEEPING", "event": "confidence", "value": 0.2, "smoothed": 0.2}
{"t": 1.137, "state": "SLEEPING", "event": "confidence", "value": 0.2, "smoothed": 0.2}
{"t": 1.637, "state": "SLEEPING", "event": "confidence", "value": 0.2, "smoothed": 0.2}
{"t": 2.138, "state": "SLEEPING", "event": "confidence", "value": 0.2, "smoothed": 0.2}
{"t": 2.637, "state": "SLEEPING", "event": "confidence", "value": 0.2, "smoothed": 0.2}
{"t": 3.138, "state": "SLEEPING", "event": "confidence", "value": 0.2, "smoothed": 0.2}
{"t": 3.638, "state": "SLEEPING", "event": "confidence", "value": 0.2, "smoothed": 0.2}
{"t": 4.138, "state": "SLEEPING", "event": "confidence", "value": 0.2, "smoothed": 0.2}
{"t": 4.638, "state": "SLEEPING", "event": "confidence", "value": 0.2, "smoothed": 0.2}
{"t": 5.139, "state": "SLEEPING", "event": "confidence", "value": 0.95, "smoothed": 0.5}
{"t": 5.639, "state": "SLEEPING", "event": "confidence", "value": 0.95, "smoothed": 0.68}
{"t": 6.139, "state": "SLEEPING", "event": "confidence", "value": 0.95, "smoothed": 0.788}
{"t": 6.64, "state": "SLEEPING", "event": "confidence", "value": 0.95, "smoothed": 0.853}
{"t": 6.641, "state": "WAKING", "event": "wake_start", "confidence": 0.8528, "from_state": "SLEEPING", "mode": "continuous"}
{"t": 7.184, "state": "WAKING", "event": "confidence", "value": 0.95, "smoothed": 0.892}
{"t": 7.641, "state": "WAKING", "event": "confidence", "value": 0.95, "smoothed": 0.915}
{"t": 8.162, "state": "WAKING", "event": "confidence", "value": 0.95, "smoothed": 0.929}
{"t": 8.645, "state": "WAKING", "event": "confidence", "value": 0.95, "smoothed": 0.937}
{"t": 9.169, "state": "WAKING", "event": "confidence", "value": 0.95, "smoothed": 0.942}
{"t": 9.641, "state": "WAKING", "event": "confidence", "value": 0.95, "smoothed": 0.945}
{"t": 10.171, "state": "WAKING", "event": "confidence", "value": 0.95, "smoothed": 0.947}
{"t": 10.657, "state": "WAKING", "event": "confidence", "value": 0.95, "smoothed": 0.948}
{"t": 11.142, "state": "WAKING", "event": "confidence", "value": 0.95, "smoothed": 0.949}
{"t": 11.667, "state": "WAKING", "event": "confidence", "value": 0.95, "smoothed": 0.949}
{"t": 12.15, "state": "WAKING", "event": "confidence", "value": 0.95, "smoothed": 0.95}
{"t": 12.67, "state": "WAKING", "event": "confidence", "value": 0.95, "smoothed": 0.95}
{"t": 13.15, "state": "WAKING", "event": "confidence", "value": 0.95, "smoothed": 0.95}
{"t": 13.677, "state": "WAKING", "event": "confidence", "value": 0.95, "smoothed": 0.95}
{"t": 14.157, "state": "WAKING", "event": "confidence", "value": 0.95, "smoothed": 0.95}
{"t": 14.644, "state": "WAKING", "event": "confidence", "value": 0.95, "smoothed": 0.95}
{"t": 14.785, "state": "WAKING", "event": "continuous_preload_done", "mb": 2814, "seconds": 8.14, "pace_mbps": 350}
{"t": 15.144, "state": "WAKING", "event": "confidence", "value": 0.95, "smoothed": 0.95}
{"t": 15.644, "state": "WAKING", "event": "confidence", "value": 0.95, "smoothed": 0.95}
{"t": 16.144, "state": "WAKING", "event": "confidence", "value": 0.95, "smoothed": 0.95}
{"t": 16.645, "state": "WAKING", "event": "confidence", "value": 0.95, "smoothed": 0.95}
{"t": 17.145, "state": "WAKING", "event": "confidence", "value": 0.95, "smoothed": 0.95}
{"t": 17.645, "state": "WAKING", "event": "confidence", "value": 0.95, "smoothed": 0.95}
{"t": 18.145, "state": "WAKING", "event": "confidence", "value": 0.95, "smoothed": 0.95}
{"t": 18.646, "state": "WAKING", "event": "confidence", "value": 0.95, "smoothed": 0.95}
{"t": 19.146, "state": "WAKING", "event": "confidence", "value": 0.95, "smoothed": 0.95}
{"t": 19.646, "state": "WAKING", "event": "confidence", "value": 0.95, "smoothed": 0.95}
{"t": 20.146, "state": "WAKING", "event": "confidence", "value": 0.95, "smoothed": 0.95}
{"t": 20.646, "state": "WAKING", "event": "confidence", "value": 0.95, "smoothed": 0.95}
{"t": 21.147, "state": "WAKING", "event": "confidence", "value": 0.95, "smoothed": 0.95}
{"t": 21.647, "state": "WAKING", "event": "confidence", "value": 0.95, "smoothed": 0.95}
{"t": 22.147, "state": "WAKING", "event": "confidence", "value": 0.95, "smoothed": 0.95}
{"t": 22.647, "state": "WAKING", "event": "confidence", "value": 0.95, "smoothed": 0.95}
{"t": 23.147, "state": "WAKING", "event": "confidence", "value": 0.95, "smoothed": 0.95}
{"t": 23.648, "state": "WAKING", "event": "confidence", "value": 0.95, "smoothed": 0.95}
{"t": 24.148, "state": "WAKING", "event": "confidence", "value": 0.95, "smoothed": 0.95}
{"t": 24.648, "state": "WAKING", "event": "confidence", "value": 0.95, "smoothed": 0.95}
{"t": 25.149, "state": "WAKING", "event": "confidence", "value": 0.95, "smoothed": 0.95}
{"t": 25.649, "state": "WAKING", "event": "confidence", "value": 0.95, "smoothed": 0.95}
{"t": 26.149, "state": "WAKING", "event": "confidence", "value": 0.95, "smoothed": 0.95}
{"t": 26.649, "state": "WAKING", "event": "confidence", "value": 0.95, "smoothed": 0.95}
{"t": 27.149, "state": "WAKING", "event": "confidence", "value": 0.95, "smoothed": 0.95}
{"t": 27.649, "state": "WAKING", "event": "confidence", "value": 0.95, "smoothed": 0.95}
{"t": 28.15, "state": "WAKING", "event": "confidence", "value": 0.95, "smoothed": 0.95}
{"t": 28.65, "state": "WAKING", "event": "confidence", "value": 0.95, "smoothed": 0.95}
{"t": 29.15, "state": "WAKING", "event": "confidence", "value": 0.95, "smoothed": 0.95}
{"t": 29.65, "state": "WAKING", "event": "confidence", "value": 0.95, "smoothed": 0.95}
{"t": 30.15, "state": "WAKING", "event": "confidence", "value": 0.95, "smoothed": 0.95}
{"t": 30.651, "state": "WAKING", "event": "confidence", "value": 0.95, "smoothed": 0.95}
{"t": 31.151, "state": "WAKING", "event": "confidence", "value": 0.95, "smoothed": 0.95}
{"t": 31.651, "state": "WAKING", "event": "confidence", "value": 0.95, "smoothed": 0.95}
{"t": 32.151, "state": "WAKING", "event": "confidence", "value": 0.95, "smoothed": 0.95}
{"t": 32.651, "state": "WAKING", "event": "confidence", "value": 0.95, "smoothed": 0.95}
{"t": 33.152, "state": "WAKING", "event": "confidence", "value": 0.95, "smoothed": 0.95}
{"t": 33.652, "state": "WAKING", "event": "confidence", "value": 0.95, "smoothed": 0.95}
{"t": 34.152, "state": "WAKING", "event": "confidence", "value": 0.95, "smoothed": 0.95}
{"t": 34.652, "state": "WAKING", "event": "confidence", "value": 0.95, "smoothed": 0.95}
{"t": 35.152, "state": "WAKING", "event": "confidence", "value": 0.95, "smoothed": 0.95}
{"t": 35.653, "state": "WAKING", "event": "confidence", "value": 0.95, "smoothed": 0.95}
{"t": 36.153, "state": "WAKING", "event": "confidence", "value": 0.95, "smoothed": 0.95}
{"t": 36.653, "state": "WAKING", "event": "confidence", "value": 0.95, "smoothed": 0.95}
{"t": 37.153, "state": "WAKING", "event": "confidence", "value": 0.95, "smoothed": 0.95}
{"t": 37.653, "state": "WAKING", "event": "confidence", "value": 0.95, "smoothed": 0.95}
{"t": 38.154, "state": "WAKING", "event": "confidence", "value": 0.95, "smoothed": 0.95}
{"t": 38.654, "state": "WAKING", "event": "confidence", "value": 0.95, "smoothed": 0.95}
{"t": 39.154, "state": "WAKING", "event": "confidence", "value": 0.95, "smoothed": 0.95}
{"t": 39.654, "state": "WAKING", "event": "confidence", "value": 0.95, "smoothed": 0.95}
{"t": 40.154, "state": "WAKING", "event": "confidence", "value": 0.95, "smoothed": 0.95}
{"t": 40.655, "state": "WAKING", "event": "confidence", "value": 0.95, "smoothed": 0.95}
{"t": 41.155, "state": "WAKING", "event": "confidence", "value": 0.95, "smoothed": 0.95}
{"t": 41.655, "state": "WAKING", "event": "confidence", "value": 0.95, "smoothed": 0.95}
{"t": 42.155, "state": "WAKING", "event": "confidence", "value": 0.95, "smoothed": 0.95}
{"t": 42.655, "state": "WAKING", "event": "confidence", "value": 0.95, "smoothed": 0.95}
{"t": 43.156, "state": "WAKING", "event": "confidence", "value": 0.95, "smoothed": 0.95}
{"t": 43.656, "state": "WAKING", "event": "confidence", "value": 0.95, "smoothed": 0.95}
{"t": 44.156, "state": "WAKING", "event": "confidence", "value": 0.95, "smoothed": 0.95}
{"t": 44.656, "state": "WAKING", "event": "confidence", "value": 0.95, "smoothed": 0.95}
{"t": 45.156, "state": "WAKING", "event": "confidence", "value": 0.95, "smoothed": 0.95}
{"t": 45.656, "state": "WAKING", "event": "confidence", "value": 0.95, "smoothed": 0.95}
{"t": 46.157, "state": "WAKING", "event": "confidence", "value": 0.95, "smoothed": 0.95}
{"t": 46.657, "state": "WAKING", "event": "confidence", "value": 0.95, "smoothed": 0.95}
{"t": 47.157, "state": "WAKING", "event": "confidence", "value": 0.95, "smoothed": 0.95}
{"t": 47.657, "state": "WAKING", "event": "confidence", "value": 0.95, "smoothed": 0.95}
{"t": 48.157, "state": "WAKING", "event": "confidence", "value": 0.95, "smoothed": 0.95}
{"t": 48.658, "state": "WAKING", "event": "confidence", "value": 0.95, "smoothed": 0.95}
{"t": 49.158, "state": "WAKING", "event": "confidence", "value": 0.95, "smoothed": 0.95}
{"t": 49.658, "state": "WAKING", "event": "confidence", "value": 0.95, "smoothed": 0.95}
{"t": 50.158, "state": "WAKING", "event": "confidence", "value": 0.95, "smoothed": 0.95}
{"t": 50.659, "state": "WAKING", "event": "confidence", "value": 0.95, "smoothed": 0.95}
{"t": 51.159, "state": "WAKING", "event": "confidence", "value": 0.95, "smoothed": 0.95}
{"t": 51.659, "state": "WAKING", "event": "confidence", "value": 0.95, "smoothed": 0.95}
{"t": 52.159, "state": "WAKING", "event": "confidence", "value": 0.95, "smoothed": 0.95}
{"t": 52.659, "state": "WAKING", "event": "confidence", "value": 0.95, "smoothed": 0.95}
{"t": 53.16, "state": "WAKING", "event": "confidence", "value": 0.95, "smoothed": 0.95}
{"t": 53.66, "state": "WAKING", "event": "confidence", "value": 0.95, "smoothed": 0.95}
{"t": 54.16, "state": "WAKING", "event": "confidence", "value": 0.95, "smoothed": 0.95}
{"t": 54.66, "state": "WAKING", "event": "confidence", "value": 0.95, "smoothed": 0.95}
{"t": 55.16, "state": "WAKING", "event": "confidence", "value": 0.95, "smoothed": 0.95}
{"t": 55.661, "state": "WAKING", "event": "confidence", "value": 0.95, "smoothed": 0.95}
{"t": 56.161, "state": "WAKING", "event": "confidence", "value": 0.95, "smoothed": 0.95}
{"t": 56.661, "state": "WAKING", "event": "confidence", "value": 0.95, "smoothed": 0.95}
{"t": 57.161, "state": "WAKING", "event": "confidence", "value": 0.95, "smoothed": 0.95}
{"t": 57.661, "state": "WAKING", "event": "confidence", "value": 0.95, "smoothed": 0.95}
{"t": 58.161, "state": "WAKING", "event": "confidence", "value": 0.95, "smoothed": 0.95}
{"t": 58.662, "state": "WAKING", "event": "confidence", "value": 0.95, "smoothed": 0.95}
{"t": 59.162, "state": "WAKING", "event": "confidence", "value": 0.95, "smoothed": 0.95}
{"t": 59.662, "state": "WAKING", "event": "confidence", "value": 0.95, "smoothed": 0.95}
{"t": 60.162, "state": "WAKING", "event": "confidence", "value": 0.95, "smoothed": 0.95}
{"t": 60.662, "state": "WAKING", "event": "confidence", "value": 0.95, "smoothed": 0.95}
{"t": 61.162, "state": "WAKING", "event": "confidence", "value": 0.95, "smoothed": 0.95}
{"t": 61.663, "state": "WAKING", "event": "confidence", "value": 0.95, "smoothed": 0.95}
{"t": 62.163, "state": "WAKING", "event": "confidence", "value": 0.95, "smoothed": 0.95}
{"t": 62.663, "state": "WAKING", "event": "confidence", "value": 0.95, "smoothed": 0.95}
{"t": 63.163, "state": "WAKING", "event": "confidence", "value": 0.95, "smoothed": 0.95}
{"t": 63.663, "state": "WAKING", "event": "confidence", "value": 0.95, "smoothed": 0.95}
{"t": 64.164, "state": "WAKING", "event": "confidence", "value": 0.95, "smoothed": 0.95}
{"t": 64.664, "state": "WAKING", "event": "confidence", "value": 0.95, "smoothed": 0.95}
{"t": 65.164, "state": "WAKING", "event": "confidence", "value": 0.95, "smoothed": 0.95}
{"t": 65.664, "state": "WAKING", "event": "confidence", "value": 0.95, "smoothed": 0.95}
{"t": 66.164, "state": "WAKING", "event": "confidence", "value": 0.95, "smoothed": 0.95}
{"t": 66.664, "state": "WAKING", "event": "confidence", "value": 0.95, "smoothed": 0.95}
{"t": 67.165, "state": "WAKING", "event": "confidence", "value": 0.95, "smoothed": 0.95}
{"t": 67.665, "state": "WAKING", "event": "confidence", "value": 0.95, "smoothed": 0.95}
{"t": 68.165, "state": "WAKING", "event": "confidence", "value": 0.95, "smoothed": 0.95}
{"t": 68.665, "state": "WAKING", "event": "confidence", "value": 0.95, "smoothed": 0.95}
{"t": 69.166, "state": "WAKING", "event": "confidence", "value": 0.95, "smoothed": 0.95}
{"t": 69.666, "state": "WAKING", "event": "confidence", "value": 0.95, "smoothed": 0.95}
{"t": 70.177, "state": "WAKING", "event": "confidence", "value": 0.95, "smoothed": 0.95}
{"t": 70.677, "state": "WAKING", "event": "confidence", "value": 0.95, "smoothed": 0.95}
{"t": 71.181, "state": "WAKING", "event": "confidence", "value": 0.95, "smoothed": 0.95}
{"t": 71.682, "state": "WAKING", "event": "confidence", "value": 0.95, "smoothed": 0.95}
{"t": 72.182, "state": "WAKING", "event": "confidence", "value": 0.95, "smoothed": 0.95}
{"t": 72.682, "state": "WAKING", "event": "confidence", "value": 0.95, "smoothed": 0.95}
{"t": 73.183, "state": "WAKING", "event": "confidence", "value": 0.95, "smoothed": 0.95}
{"t": 73.683, "state": "WAKING", "event": "confidence", "value": 0.95, "smoothed": 0.95}
{"t": 74.184, "state": "WAKING", "event": "confidence", "value": 0.95, "smoothed": 0.95}
{"t": 74.684, "state": "WAKING", "event": "confidence", "value": 0.95, "smoothed": 0.95}
{"t": 75.185, "state": "WAKING", "event": "confidence", "value": 0.95, "smoothed": 0.95}
{"t": 75.685, "state": "WAKING", "event": "confidence", "value": 0.95, "smoothed": 0.95}
{"t": 76.185, "state": "WAKING", "event": "confidence", "value": 0.95, "smoothed": 0.95}
{"t": 76.685, "state": "WAKING", "event": "confidence", "value": 0.95, "smoothed": 0.95}
{"t": 77.186, "state": "WAKING", "event": "confidence", "value": 0.95, "smoothed": 0.95}
{"t": 77.686, "state": "WAKING", "event": "confidence", "value": 0.95, "smoothed": 0.95}
{"t": 78.186, "state": "WAKING", "event": "confidence", "value": 0.95, "smoothed": 0.95}
{"t": 78.687, "state": "WAKING", "event": "confidence", "value": 0.95, "smoothed": 0.95}
{"t": 79.187, "state": "WAKING", "event": "confidence", "value": 0.95, "smoothed": 0.95}
{"t": 79.687, "state": "WAKING", "event": "confidence", "value": 0.95, "smoothed": 0.95}
{"t": 80.187, "state": "WAKING", "event": "confidence", "value": 0.95, "smoothed": 0.95}
{"t": 80.688, "state": "WAKING", "event": "confidence", "value": 0.95, "smoothed": 0.95}
{"t": 81.189, "state": "WAKING", "event": "confidence", "value": 0.95, "smoothed": 0.95}
{"t": 81.689, "state": "WAKING", "event": "confidence", "value": 0.95, "smoothed": 0.95}
{"t": 82.189, "state": "WAKING", "event": "confidence", "value": 0.95, "smoothed": 0.95}
{"t": 82.69, "state": "WAKING", "event": "confidence", "value": 0.95, "smoothed": 0.95}
{"t": 83.19, "state": "WAKING", "event": "confidence", "value": 0.95, "smoothed": 0.95}
{"t": 83.69, "state": "WAKING", "event": "confidence", "value": 0.95, "smoothed": 0.95}
{"t": 84.191, "state": "WAKING", "event": "confidence", "value": 0.95, "smoothed": 0.95}
{"t": 84.691, "state": "WAKING", "event": "confidence", "value": 0.95, "smoothed": 0.95}
{"t": 85.191, "state": "WAKING", "event": "confidence", "value": 0.95, "smoothed": 0.95}
{"t": 85.691, "state": "WAKING", "event": "confidence", "value": 0.95, "smoothed": 0.95}
{"t": 86.191, "state": "WAKING", "event": "confidence", "value": 0.95, "smoothed": 0.95}
{"t": 86.692, "state": "WAKING", "event": "confidence", "value": 0.95, "smoothed": 0.95}
{"t": 87.192, "state": "WAKING", "event": "confidence", "value": 0.95, "smoothed": 0.95}
{"t": 87.692, "state": "WAKING", "event": "confidence", "value": 0.95, "smoothed": 0.95}
{"t": 88.192, "state": "WAKING", "event": "confidence", "value": 0.95, "smoothed": 0.95}
{"t": 88.693, "state": "WAKING", "event": "confidence", "value": 0.95, "smoothed": 0.95}
{"t": 89.193, "state": "WAKING", "event": "confidence", "value": 0.95, "smoothed": 0.95}
{"t": 89.693, "state": "WAKING", "event": "confidence", "value": 0.95, "smoothed": 0.95}
{"t": 90.193, "state": "WAKING", "event": "confidence", "value": 0.95, "smoothed": 0.95}
{"t": 90.694, "state": "WAKING", "event": "confidence", "value": 0.95, "smoothed": 0.95}
{"t": 91.194, "state": "WAKING", "event": "confidence", "value": 0.95, "smoothed": 0.95}
{"t": 91.694, "state": "WAKING", "event": "confidence", "value": 0.95, "smoothed": 0.95}
{"t": 92.194, "state": "WAKING", "event": "confidence", "value": 0.95, "smoothed": 0.95}
{"t": 92.695, "state": "WAKING", "event": "confidence", "value": 0.95, "smoothed": 0.95}
{"t": 93.195, "state": "WAKING", "event": "confidence", "value": 0.95, "smoothed": 0.95}
{"t": 93.695, "state": "WAKING", "event": "confidence", "value": 0.95, "smoothed": 0.95}
{"t": 94.196, "state": "WAKING", "event": "confidence", "value": 0.95, "smoothed": 0.95}
{"t": 94.696, "state": "WAKING", "event": "confidence", "value": 0.95, "smoothed": 0.95}
{"t": 95.196, "state": "WAKING", "event": "confidence", "value": 0.95, "smoothed": 0.95}
{"t": 95.696, "state": "WAKING", "event": "confidence", "value": 0.95, "smoothed": 0.95}
{"t": 96.196, "state": "WAKING", "event": "confidence", "value": 0.95, "smoothed": 0.95}
{"t": 96.696, "state": "WAKING", "event": "confidence", "value": 0.95, "smoothed": 0.95}
{"t": 97.197, "state": "WAKING", "event": "confidence", "value": 0.95, "smoothed": 0.95}
{"t": 97.697, "state": "WAKING", "event": "confidence", "value": 0.95, "smoothed": 0.95}
{"t": 98.197, "state": "WAKING", "event": "confidence", "value": 0.95, "smoothed": 0.95}
{"t": 98.697, "state": "WAKING", "event": "confidence", "value": 0.95, "smoothed": 0.95}
{"t": 99.198, "state": "WAKING", "event": "confidence", "value": 0.95, "smoothed": 0.95}
{"t": 99.698, "state": "WAKING", "event": "confidence", "value": 0.95, "smoothed": 0.95}
{"t": 100.198, "state": "WAKING", "event": "confidence", "value": 0.95, "smoothed": 0.95}
{"t": 100.699, "state": "WAKING", "event": "confidence", "value": 0.95, "smoothed": 0.95}
{"t": 101.199, "state": "WAKING", "event": "confidence", "value": 0.95, "smoothed": 0.95}
{"t": 101.699, "state": "WAKING", "event": "confidence", "value": 0.95, "smoothed": 0.95}
{"t": 102.199, "state": "WAKING", "event": "confidence", "value": 0.95, "smoothed": 0.95}
{"t": 102.7, "state": "WAKING", "event": "confidence", "value": 0.95, "smoothed": 0.95}
{"t": 103.2, "state": "WAKING", "event": "confidence", "value": 0.95, "smoothed": 0.95}
{"t": 103.7, "state": "WAKING", "event": "confidence", "value": 0.95, "smoothed": 0.95}
{"t": 104.2, "state": "WAKING", "event": "confidence", "value": 0.95, "smoothed": 0.95}
{"t": 104.701, "state": "WAKING", "event": "confidence", "value": 0.95, "smoothed": 0.95}
{"t": 105.201, "state": "WAKING", "event": "confidence", "value": 0.95, "smoothed": 0.95}
{"t": 105.701, "state": "WAKING", "event": "confidence", "value": 0.95, "smoothed": 0.95}
{"t": 106.201, "state": "WAKING", "event": "confidence", "value": 0.95, "smoothed": 0.95}
{"t": 106.702, "state": "WAKING", "event": "confidence", "value": 0.95, "smoothed": 0.95}
{"t": 107.202, "state": "WAKING", "event": "confidence", "value": 0.95, "smoothed": 0.95}
{"t": 107.702, "state": "WAKING", "event": "confidence", "value": 0.95, "smoothed": 0.95}
{"t": 108.202, "state": "WAKING", "event": "confidence", "value": 0.95, "smoothed": 0.95}
{"t": 108.703, "state": "WAKING", "event": "confidence", "value": 0.95, "smoothed": 0.95}
{"t": 109.203, "state": "WAKING", "event": "confidence", "value": 0.95, "smoothed": 0.95}
{"t": 109.703, "state": "WAKING", "event": "confidence", "value": 0.95, "smoothed": 0.95}
{"t": 110.203, "state": "WAKING", "event": "confidence", "value": 0.95, "smoothed": 0.95}
{"t": 110.703, "state": "WAKING", "event": "confidence", "value": 0.95, "smoothed": 0.95}
{"t": 111.204, "state": "WAKING", "event": "confidence", "value": 0.95, "smoothed": 0.95}
{"t": 111.704, "state": "WAKING", "event": "confidence", "value": 0.95, "smoothed": 0.95}
{"t": 112.204, "state": "WAKING", "event": "confidence", "value": 0.95, "smoothed": 0.95}
{"t": 112.704, "state": "WAKING", "event": "confidence", "value": 0.95, "smoothed": 0.95}
{"t": 113.205, "state": "WAKING", "event": "confidence", "value": 0.95, "smoothed": 0.95}
{"t": 113.705, "state": "WAKING", "event": "confidence", "value": 0.95, "smoothed": 0.95}
{"t": 114.205, "state": "WAKING", "event": "confidence", "value": 0.95, "smoothed": 0.95}
{"t": 114.705, "state": "WAKING", "event": "confidence", "value": 0.95, "smoothed": 0.95}
{"t": 115.205, "state": "WAKING", "event": "confidence", "value": 0.95, "smoothed": 0.95}
{"t": 115.706, "state": "WAKING", "event": "confidence", "value": 0.95, "smoothed": 0.95}
{"t": 116.206, "state": "WAKING", "event": "confidence", "value": 0.95, "smoothed": 0.95}
{"t": 116.706, "state": "WAKING", "event": "confidence", "value": 0.95, "smoothed": 0.95}
{"t": 117.206, "state": "WAKING", "event": "confidence", "value": 0.95, "smoothed": 0.95}
{"t": 117.706, "state": "WAKING", "event": "confidence", "value": 0.95, "smoothed": 0.95}
{"t": 118.207, "state": "WAKING", "event": "confidence", "value": 0.95, "smoothed": 0.95}
{"t": 118.707, "state": "WAKING", "event": "confidence", "value": 0.95, "smoothed": 0.95}
{"t": 119.207, "state": "WAKING", "event": "confidence", "value": 0.95, "smoothed": 0.95}
{"t": 119.707, "state": "WAKING", "event": "confidence", "value": 0.95, "smoothed": 0.95}
{"t": 120.207, "state": "WAKING", "event": "confidence", "value": 0.95, "smoothed": 0.95}
{"t": 120.708, "state": "WAKING", "event": "confidence", "value": 0.95, "smoothed": 0.95}
{"t": 121.208, "state": "WAKING", "event": "confidence", "value": 0.95, "smoothed": 0.95}
{"t": 121.708, "state": "WAKING", "event": "confidence", "value": 0.95, "smoothed": 0.95}
{"t": 122.208, "state": "WAKING", "event": "confidence", "value": 0.95, "smoothed": 0.95}
{"t": 122.708, "state": "WAKING", "event": "confidence", "value": 0.95, "smoothed": 0.95}
{"t": 123.208, "state": "WAKING", "event": "confidence", "value": 0.95, "smoothed": 0.95}
{"t": 123.709, "state": "WAKING", "event": "confidence", "value": 0.95, "smoothed": 0.95}
{"t": 124.209, "state": "WAKING", "event": "confidence", "value": 0.95, "smoothed": 0.95}
{"t": 124.709, "state": "WAKING", "event": "confidence", "value": 0.95, "smoothed": 0.95}
{"t": 125.209, "state": "WAKING", "event": "confidence", "value": 0.95, "smoothed": 0.95}
{"t": 125.71, "state": "WAKING", "event": "confidence", "value": 0.95, "smoothed": 0.95}
{"t": 126.21, "state": "WAKING", "event": "confidence", "value": 0.95, "smoothed": 0.95}
{"t": 126.71, "state": "WAKING", "event": "confidence", "value": 0.95, "smoothed": 0.95}
{"t": 127.21, "state": "WAKING", "event": "confidence", "value": 0.95, "smoothed": 0.95}
{"t": 127.71, "state": "WAKING", "event": "confidence", "value": 0.95, "smoothed": 0.95}
{"t": 128.211, "state": "WAKING", "event": "confidence", "value": 0.95, "smoothed": 0.95}
{"t": 128.711, "state": "WAKING", "event": "confidence", "value": 0.95, "smoothed": 0.95}
{"t": 129.211, "state": "WAKING", "event": "confidence", "value": 0.95, "smoothed": 0.95}
{"t": 129.711, "state": "WAKING", "event": "confidence", "value": 0.95, "smoothed": 0.95}
{"t": 130.212, "state": "WAKING", "event": "confidence", "value": 0.95, "smoothed": 0.95}
{"t": 130.712, "state": "WAKING", "event": "confidence", "value": 0.95, "smoothed": 0.95}
{"t": 131.212, "state": "WAKING", "event": "confidence", "value": 0.95, "smoothed": 0.95}
{"t": 131.712, "state": "WAKING", "event": "confidence", "value": 0.95, "smoothed": 0.95}
{"t": 132.212, "state": "WAKING", "event": "confidence", "value": 0.95, "smoothed": 0.95}
{"t": 132.713, "state": "WAKING", "event": "confidence", "value": 0.95, "smoothed": 0.95}
{"t": 133.213, "state": "WAKING", "event": "confidence", "value": 0.95, "smoothed": 0.95}
{"t": 133.714, "state": "WAKING", "event": "confidence", "value": 0.95, "smoothed": 0.95}
{"t": 134.214, "state": "WAKING", "event": "confidence", "value": 0.95, "smoothed": 0.95}
{"t": 134.715, "state": "WAKING", "event": "confidence", "value": 0.95, "smoothed": 0.95}
{"t": 135.215, "state": "WAKING", "event": "confidence", "value": 0.95, "smoothed": 0.95}
{"t": 135.715, "state": "WAKING", "event": "confidence", "value": 0.95, "smoothed": 0.95}
{"t": 136.215, "state": "WAKING", "event": "confidence", "value": 0.95, "smoothed": 0.95}
{"t": 136.715, "state": "WAKING", "event": "confidence", "value": 0.95, "smoothed": 0.95}
{"t": 137.216, "state": "WAKING", "event": "confidence", "value": 0.95, "smoothed": 0.95}
{"t": 137.716, "state": "WAKING", "event": "confidence", "value": 0.95, "smoothed": 0.95}
{"t": 138.216, "state": "WAKING", "event": "confidence", "value": 0.95, "smoothed": 0.95}
{"t": 138.716, "state": "WAKING", "event": "confidence", "value": 0.95, "smoothed": 0.95}
{"t": 139.216, "state": "WAKING", "event": "confidence", "value": 0.95, "smoothed": 0.95}
{"t": 139.717, "state": "WAKING", "event": "confidence", "value": 0.95, "smoothed": 0.95}
{"t": 140.217, "state": "WAKING", "event": "confidence", "value": 0.95, "smoothed": 0.95}
{"t": 140.717, "state": "WAKING", "event": "confidence", "value": 0.95, "smoothed": 0.95}
{"t": 141.217, "state": "WAKING", "event": "confidence", "value": 0.95, "smoothed": 0.95}
{"t": 141.717, "state": "WAKING", "event": "confidence", "value": 0.95, "smoothed": 0.95}
{"t": 142.217, "state": "WAKING", "event": "confidence", "value": 0.95, "smoothed": 0.95}
{"t": 142.718, "state": "WAKING", "event": "confidence", "value": 0.95, "smoothed": 0.95}
{"t": 143.218, "state": "WAKING", "event": "confidence", "value": 0.95, "smoothed": 0.95}
{"t": 143.718, "state": "WAKING", "event": "confidence", "value": 0.95, "smoothed": 0.95}
{"t": 144.218, "state": "WAKING", "event": "confidence", "value": 0.95, "smoothed": 0.95}
{"t": 144.718, "state": "WAKING", "event": "confidence", "value": 0.95, "smoothed": 0.95}
{"t": 145.219, "state": "WAKING", "event": "confidence", "value": 0.95, "smoothed": 0.95}
{"t": 145.719, "state": "WAKING", "event": "confidence", "value": 0.95, "smoothed": 0.95}
{"t": 146.219, "state": "WAKING", "event": "confidence", "value": 0.95, "smoothed": 0.95}
{"t": 146.719, "state": "WAKING", "event": "confidence", "value": 0.95, "smoothed": 0.95}
{"t": 147.219, "state": "WAKING", "event": "confidence", "value": 0.95, "smoothed": 0.95}
{"t": 147.72, "state": "WAKING", "event": "confidence", "value": 0.95, "smoothed": 0.95}
{"t": 148.22, "state": "WAKING", "event": "confidence", "value": 0.95, "smoothed": 0.95}
{"t": 148.72, "state": "WAKING", "event": "confidence", "value": 0.95, "smoothed": 0.95}
{"t": 149.22, "state": "WAKING", "event": "confidence", "value": 0.95, "smoothed": 0.95}
{"t": 149.72, "state": "WAKING", "event": "confidence", "value": 0.95, "smoothed": 0.95}
{"t": 150.22, "state": "WAKING", "event": "confidence", "value": 0.95, "smoothed": 0.95}
{"t": 150.721, "state": "WAKING", "event": "confidence", "value": 0.95, "smoothed": 0.95}
{"t": 151.221, "state": "WAKING", "event": "confidence", "value": 0.95, "smoothed": 0.95}
{"t": 151.721, "state": "WAKING", "event": "confidence", "value": 0.95, "smoothed": 0.95}
{"t": 152.221, "state": "WAKING", "event": "confidence", "value": 0.95, "smoothed": 0.95}
{"t": 152.721, "state": "WAKING", "event": "confidence", "value": 0.95, "smoothed": 0.95}
{"t": 153.222, "state": "WAKING", "event": "confidence", "value": 0.95, "smoothed": 0.95}
{"t": 153.722, "state": "WAKING", "event": "confidence", "value": 0.95, "smoothed": 0.95}
{"t": 154.223, "state": "WAKING", "event": "confidence", "value": 0.95, "smoothed": 0.95}
{"t": 154.723, "state": "WAKING", "event": "confidence", "value": 0.95, "smoothed": 0.95}
{"t": 155.223, "state": "WAKING", "event": "confidence", "value": 0.95, "smoothed": 0.95}
{"t": 155.723, "state": "WAKING", "event": "confidence", "value": 0.95, "smoothed": 0.95}
{"t": 156.224, "state": "WAKING", "event": "confidence", "value": 0.95, "smoothed": 0.95}
{"t": 156.724, "state": "WAKING", "event": "confidence", "value": 0.95, "smoothed": 0.95}
{"t": 157.224, "state": "WAKING", "event": "confidence", "value": 0.95, "smoothed": 0.95}
{"t": 157.725, "state": "WAKING", "event": "confidence", "value": 0.95, "smoothed": 0.95}
{"t": 158.225, "state": "WAKING", "event": "confidence", "value": 0.95, "smoothed": 0.95}
{"t": 158.725, "state": "WAKING", "event": "confidence", "value": 0.95, "smoothed": 0.95}
{"t": 159.225, "state": "WAKING", "event": "confidence", "value": 0.95, "smoothed": 0.95}
{"t": 159.726, "state": "WAKING", "event": "confidence", "value": 0.95, "smoothed": 0.95}
{"t": 160.226, "state": "WAKING", "event": "confidence", "value": 0.95, "smoothed": 0.95}
{"t": 160.726, "state": "WAKING", "event": "confidence", "value": 0.95, "smoothed": 0.95}
{"t": 161.226, "state": "WAKING", "event": "confidence", "value": 0.95, "smoothed": 0.95}
{"t": 161.727, "state": "WAKING", "event": "confidence", "value": 0.95, "smoothed": 0.95}
{"t": 162.228, "state": "WAKING", "event": "confidence", "value": 0.95, "smoothed": 0.95}
{"t": 162.727, "state": "WAKING", "event": "confidence", "value": 0.95, "smoothed": 0.95}
{"t": 163.227, "state": "WAKING", "event": "confidence", "value": 0.95, "smoothed": 0.95}
{"t": 163.727, "state": "WAKING", "event": "confidence", "value": 0.95, "smoothed": 0.95}
{"t": 164.228, "state": "WAKING", "event": "confidence", "value": 0.95, "smoothed": 0.95}
{"t": 164.728, "state": "WAKING", "event": "confidence", "value": 0.95, "smoothed": 0.95}
{"t": 165.228, "state": "WAKING", "event": "confidence", "value": 0.95, "smoothed": 0.95}
{"t": 165.728, "state": "WAKING", "event": "confidence", "value": 0.95, "smoothed": 0.95}
{"t": 166.228, "state": "WAKING", "event": "confidence", "value": 0.95, "smoothed": 0.95}
{"t": 166.429, "state": "AWAKE", "event": "awake", "wake_seconds": 159.79, "loader": {"compose_up_seconds": 2.96, "first_output_seconds": 151.64}}
{"t": 166.729, "state": "AWAKE", "event": "confidence", "value": 0.95, "smoothed": 0.95}
{"t": 167.229, "state": "AWAKE", "event": "confidence", "value": 0.95, "smoothed": 0.95}
[continuous_lp_1] done: latency=159.79s
cooldown up to 30.0s (baseline tj=53.125)...
[continuous_lp_2] docker compose down + drop page cache
[continuous_lp_2] tegrastats -> mmap_sandbox/results/burst_vs_continuous_run1/continuous_lp_2/tegrastats.log
[continuous_lp_2] launch watcher: /home/student/Documents/projects/wildfire_detection/.venv/bin/python3 /home/student/Documents/projects/wildfire_detection/mmap_sandbox/burst_vs_continuous/continuous_watcher.py --sock mmap_sandbox/results/burst_vs_continuous_run1/continuous_lp_2/watcher.sock --log mmap_sandbox/results/burst_vs_continuous_run1/continuous_lp_2/watch.jsonl --pace-mbps 350.0 --compose-file /home/student/Documents/projects/wildfire_detection/docker-compose_fused_system.yaml --ready-file /home/student/Documents/projects/wildfire_detection/data/out_txt --ready-timeout 300.0 --wake-at 0.85 --sleep-at 0.4 --ema-alpha 0.4
{"t": 0.0, "state": "SLEEPING", "event": "listening", "sock": "mmap_sandbox/results/burst_vs_continuous_run1/continuous_lp_2/watcher.sock", "wake_mode": "continuous", "pace_mbps": 350.0}
[continuous_lp_2] launch mht_sim: /home/student/Documents/projects/wildfire_detection/.venv/bin/python3 /home/student/Documents/projects/wildfire_detection/fire_watcher/mht_sim.py mmap_sandbox/results/burst_vs_continuous_run1/continuous_lp_2/watcher.sock 0.20:5,0.95:600 --interval 0.5 --noise 0.0 --seed 42
[continuous_lp_2] waiting for 'awake' (timeout 360s) ...
{"t": 0.137, "state": "SLEEPING", "event": "confidence", "value": 0.2, "smoothed": 0.2}
{"t": 0.638, "state": "SLEEPING", "event": "confidence", "value": 0.2, "smoothed": 0.2}
{"t": 1.138, "state": "SLEEPING", "event": "confidence", "value": 0.2, "smoothed": 0.2}
{"t": 1.638, "state": "SLEEPING", "event": "confidence", "value": 0.2, "smoothed": 0.2}
{"t": 2.139, "state": "SLEEPING", "event": "confidence", "value": 0.2, "smoothed": 0.2}
{"t": 2.639, "state": "SLEEPING", "event": "confidence", "value": 0.2, "smoothed": 0.2}
{"t": 3.139, "state": "SLEEPING", "event": "confidence", "value": 0.2, "smoothed": 0.2}
{"t": 3.64, "state": "SLEEPING", "event": "confidence", "value": 0.2, "smoothed": 0.2}
{"t": 4.14, "state": "SLEEPING", "event": "confidence", "value": 0.2, "smoothed": 0.2}
{"t": 4.64, "state": "SLEEPING", "event": "confidence", "value": 0.2, "smoothed": 0.2}
{"t": 5.14, "state": "SLEEPING", "event": "confidence", "value": 0.95, "smoothed": 0.5}
{"t": 5.641, "state": "SLEEPING", "event": "confidence", "value": 0.95, "smoothed": 0.68}
{"t": 6.141, "state": "SLEEPING", "event": "confidence", "value": 0.95, "smoothed": 0.788}
{"t": 6.641, "state": "SLEEPING", "event": "confidence", "value": 0.95, "smoothed": 0.853}
{"t": 6.642, "state": "WAKING", "event": "wake_start", "confidence": 0.8528, "from_state": "SLEEPING", "mode": "continuous"}
{"t": 7.16, "state": "WAKING", "event": "confidence", "value": 0.95, "smoothed": 0.892}
{"t": 7.642, "state": "WAKING", "event": "confidence", "value": 0.95, "smoothed": 0.915}
{"t": 8.163, "state": "WAKING", "event": "confidence", "value": 0.95, "smoothed": 0.929}
{"t": 8.645, "state": "WAKING", "event": "confidence", "value": 0.95, "smoothed": 0.937}
{"t": 9.172, "state": "WAKING", "event": "confidence", "value": 0.95, "smoothed": 0.942}
{"t": 9.648, "state": "WAKING", "event": "confidence", "value": 0.95, "smoothed": 0.945}
{"t": 10.167, "state": "WAKING", "event": "confidence", "value": 0.95, "smoothed": 0.947}
{"t": 10.661, "state": "WAKING", "event": "confidence", "value": 0.95, "smoothed": 0.948}
{"t": 11.143, "state": "WAKING", "event": "confidence", "value": 0.95, "smoothed": 0.949}
{"t": 11.666, "state": "WAKING", "event": "confidence", "value": 0.95, "smoothed": 0.949}
{"t": 12.144, "state": "WAKING", "event": "confidence", "value": 0.95, "smoothed": 0.95}
{"t": 12.671, "state": "WAKING", "event": "confidence", "value": 0.95, "smoothed": 0.95}
{"t": 13.15, "state": "WAKING", "event": "confidence", "value": 0.95, "smoothed": 0.95}
{"t": 13.678, "state": "WAKING", "event": "confidence", "value": 0.95, "smoothed": 0.95}
{"t": 14.158, "state": "WAKING", "event": "confidence", "value": 0.95, "smoothed": 0.95}
{"t": 14.645, "state": "WAKING", "event": "confidence", "value": 0.95, "smoothed": 0.95}
{"t": 14.778, "state": "WAKING", "event": "continuous_preload_done", "mb": 2814, "seconds": 8.14, "pace_mbps": 350}
{"t": 15.145, "state": "WAKING", "event": "confidence", "value": 0.95, "smoothed": 0.95}
{"t": 15.645, "state": "WAKING", "event": "confidence", "value": 0.95, "smoothed": 0.95}
{"t": 16.146, "state": "WAKING", "event": "confidence", "value": 0.95, "smoothed": 0.95}
{"t": 16.646, "state": "WAKING", "event": "confidence", "value": 0.95, "smoothed": 0.95}
{"t": 17.146, "state": "WAKING", "event": "confidence", "value": 0.95, "smoothed": 0.95}
{"t": 17.646, "state": "WAKING", "event": "confidence", "value": 0.95, "smoothed": 0.95}
{"t": 18.147, "state": "WAKING", "event": "confidence", "value": 0.95, "smoothed": 0.95}
{"t": 18.647, "state": "WAKING", "event": "confidence", "value": 0.95, "smoothed": 0.95}
{"t": 19.147, "state": "WAKING", "event": "confidence", "value": 0.95, "smoothed": 0.95}
{"t": 19.647, "state": "WAKING", "event": "confidence", "value": 0.95, "smoothed": 0.95}
{"t": 20.148, "state": "WAKING", "event": "confidence", "value": 0.95, "smoothed": 0.95}
{"t": 20.648, "state": "WAKING", "event": "confidence", "value": 0.95, "smoothed": 0.95}
{"t": 21.148, "state": "WAKING", "event": "confidence", "value": 0.95, "smoothed": 0.95}
{"t": 21.648, "state": "WAKING", "event": "confidence", "value": 0.95, "smoothed": 0.95}
{"t": 22.148, "state": "WAKING", "event": "confidence", "value": 0.95, "smoothed": 0.95}
{"t": 22.649, "state": "WAKING", "event": "confidence", "value": 0.95, "smoothed": 0.95}
{"t": 23.149, "state": "WAKING", "event": "confidence", "value": 0.95, "smoothed": 0.95}
{"t": 23.649, "state": "WAKING", "event": "confidence", "value": 0.95, "smoothed": 0.95}
{"t": 24.149, "state": "WAKING", "event": "confidence", "value": 0.95, "smoothed": 0.95}
{"t": 24.649, "state": "WAKING", "event": "confidence", "value": 0.95, "smoothed": 0.95}
{"t": 25.15, "state": "WAKING", "event": "confidence", "value": 0.95, "smoothed": 0.95}
{"t": 25.65, "state": "WAKING", "event": "confidence", "value": 0.95, "smoothed": 0.95}
{"t": 26.15, "state": "WAKING", "event": "confidence", "value": 0.95, "smoothed": 0.95}
{"t": 26.65, "state": "WAKING", "event": "confidence", "value": 0.95, "smoothed": 0.95}
{"t": 27.15, "state": "WAKING", "event": "confidence", "value": 0.95, "smoothed": 0.95}
{"t": 27.65, "state": "WAKING", "event": "confidence", "value": 0.95, "smoothed": 0.95}
{"t": 28.151, "state": "WAKING", "event": "confidence", "value": 0.95, "smoothed": 0.95}
{"t": 28.651, "state": "WAKING", "event": "confidence", "value": 0.95, "smoothed": 0.95}
{"t": 29.151, "state": "WAKING", "event": "confidence", "value": 0.95, "smoothed": 0.95}
{"t": 29.651, "state": "WAKING", "event": "confidence", "value": 0.95, "smoothed": 0.95}
{"t": 30.151, "state": "WAKING", "event": "confidence", "value": 0.95, "smoothed": 0.95}
{"t": 30.652, "state": "WAKING", "event": "confidence", "value": 0.95, "smoothed": 0.95}
{"t": 31.152, "state": "WAKING", "event": "confidence", "value": 0.95, "smoothed": 0.95}
{"t": 31.652, "state": "WAKING", "event": "confidence", "value": 0.95, "smoothed": 0.95}
{"t": 32.152, "state": "WAKING", "event": "confidence", "value": 0.95, "smoothed": 0.95}
{"t": 32.652, "state": "WAKING", "event": "confidence", "value": 0.95, "smoothed": 0.95}
{"t": 33.153, "state": "WAKING", "event": "confidence", "value": 0.95, "smoothed": 0.95}
{"t": 33.653, "state": "WAKING", "event": "confidence", "value": 0.95, "smoothed": 0.95}
{"t": 34.153, "state": "WAKING", "event": "confidence", "value": 0.95, "smoothed": 0.95}
{"t": 34.653, "state": "WAKING", "event": "confidence", "value": 0.95, "smoothed": 0.95}
{"t": 35.153, "state": "WAKING", "event": "confidence", "value": 0.95, "smoothed": 0.95}
{"t": 35.653, "state": "WAKING", "event": "confidence", "value": 0.95, "smoothed": 0.95}
{"t": 36.154, "state": "WAKING", "event": "confidence", "value": 0.95, "smoothed": 0.95}
{"t": 36.654, "state": "WAKING", "event": "confidence", "value": 0.95, "smoothed": 0.95}
{"t": 37.154, "state": "WAKING", "event": "confidence", "value": 0.95, "smoothed": 0.95}
{"t": 37.654, "state": "WAKING", "event": "confidence", "value": 0.95, "smoothed": 0.95}
{"t": 38.154, "state": "WAKING", "event": "confidence", "value": 0.95, "smoothed": 0.95}
{"t": 38.655, "state": "WAKING", "event": "confidence", "value": 0.95, "smoothed": 0.95}
{"t": 39.155, "state": "WAKING", "event": "confidence", "value": 0.95, "smoothed": 0.95}
{"t": 39.655, "state": "WAKING", "event": "confidence", "value": 0.95, "smoothed": 0.95}
{"t": 40.155, "state": "WAKING", "event": "confidence", "value": 0.95, "smoothed": 0.95}
{"t": 40.655, "state": "WAKING", "event": "confidence", "value": 0.95, "smoothed": 0.95}
{"t": 41.156, "state": "WAKING", "event": "confidence", "value": 0.95, "smoothed": 0.95}
{"t": 41.656, "state": "WAKING", "event": "confidence", "value": 0.95, "smoothed": 0.95}
{"t": 42.156, "state": "WAKING", "event": "confidence", "value": 0.95, "smoothed": 0.95}
{"t": 42.656, "state": "WAKING", "event": "confidence", "value": 0.95, "smoothed": 0.95}
{"t": 43.156, "state": "WAKING", "event": "confidence", "value": 0.95, "smoothed": 0.95}
{"t": 43.656, "state": "WAKING", "event": "confidence", "value": 0.95, "smoothed": 0.95}
{"t": 44.157, "state": "WAKING", "event": "confidence", "value": 0.95, "smoothed": 0.95}
{"t": 44.657, "state": "WAKING", "event": "confidence", "value": 0.95, "smoothed": 0.95}
{"t": 45.157, "state": "WAKING", "event": "confidence", "value": 0.95, "smoothed": 0.95}
{"t": 45.657, "state": "WAKING", "event": "confidence", "value": 0.95, "smoothed": 0.95}
{"t": 46.157, "state": "WAKING", "event": "confidence", "value": 0.95, "smoothed": 0.95}
{"t": 46.657, "state": "WAKING", "event": "confidence", "value": 0.95, "smoothed": 0.95}
{"t": 47.158, "state": "WAKING", "event": "confidence", "value": 0.95, "smoothed": 0.95}
{"t": 47.658, "state": "WAKING", "event": "confidence", "value": 0.95, "smoothed": 0.95}
{"t": 48.158, "state": "WAKING", "event": "confidence", "value": 0.95, "smoothed": 0.95}
{"t": 48.658, "state": "WAKING", "event": "confidence", "value": 0.95, "smoothed": 0.95}
{"t": 49.158, "state": "WAKING", "event": "confidence", "value": 0.95, "smoothed": 0.95}
{"t": 49.659, "state": "WAKING", "event": "confidence", "value": 0.95, "smoothed": 0.95}
{"t": 50.159, "state": "WAKING", "event": "confidence", "value": 0.95, "smoothed": 0.95}
{"t": 50.659, "state": "WAKING", "event": "confidence", "value": 0.95, "smoothed": 0.95}
{"t": 51.159, "state": "WAKING", "event": "confidence", "value": 0.95, "smoothed": 0.95}
{"t": 51.659, "state": "WAKING", "event": "confidence", "value": 0.95, "smoothed": 0.95}
{"t": 52.16, "state": "WAKING", "event": "confidence", "value": 0.95, "smoothed": 0.95}
{"t": 52.66, "state": "WAKING", "event": "confidence", "value": 0.95, "smoothed": 0.95}
{"t": 53.16, "state": "WAKING", "event": "confidence", "value": 0.95, "smoothed": 0.95}
{"t": 53.66, "state": "WAKING", "event": "confidence", "value": 0.95, "smoothed": 0.95}
{"t": 54.16, "state": "WAKING", "event": "confidence", "value": 0.95, "smoothed": 0.95}
{"t": 54.66, "state": "WAKING", "event": "confidence", "value": 0.95, "smoothed": 0.95}
{"t": 55.161, "state": "WAKING", "event": "confidence", "value": 0.95, "smoothed": 0.95}
{"t": 55.661, "state": "WAKING", "event": "confidence", "value": 0.95, "smoothed": 0.95}
{"t": 56.161, "state": "WAKING", "event": "confidence", "value": 0.95, "smoothed": 0.95}
{"t": 56.661, "state": "WAKING", "event": "confidence", "value": 0.95, "smoothed": 0.95}
{"t": 57.161, "state": "WAKING", "event": "confidence", "value": 0.95, "smoothed": 0.95}
{"t": 57.662, "state": "WAKING", "event": "confidence", "value": 0.95, "smoothed": 0.95}
{"t": 58.162, "state": "WAKING", "event": "confidence", "value": 0.95, "smoothed": 0.95}
{"t": 58.662, "state": "WAKING", "event": "confidence", "value": 0.95, "smoothed": 0.95}
{"t": 59.162, "state": "WAKING", "event": "confidence", "value": 0.95, "smoothed": 0.95}
{"t": 59.662, "state": "WAKING", "event": "confidence", "value": 0.95, "smoothed": 0.95}
{"t": 60.162, "state": "WAKING", "event": "confidence", "value": 0.95, "smoothed": 0.95}
{"t": 60.663, "state": "WAKING", "event": "confidence", "value": 0.95, "smoothed": 0.95}
{"t": 61.163, "state": "WAKING", "event": "confidence", "value": 0.95, "smoothed": 0.95}
{"t": 61.663, "state": "WAKING", "event": "confidence", "value": 0.95, "smoothed": 0.95}
{"t": 62.163, "state": "WAKING", "event": "confidence", "value": 0.95, "smoothed": 0.95}
{"t": 62.663, "state": "WAKING", "event": "confidence", "value": 0.95, "smoothed": 0.95}
{"t": 63.163, "state": "WAKING", "event": "confidence", "value": 0.95, "smoothed": 0.95}
{"t": 63.664, "state": "WAKING", "event": "confidence", "value": 0.95, "smoothed": 0.95}
{"t": 64.164, "state": "WAKING", "event": "confidence", "value": 0.95, "smoothed": 0.95}
{"t": 64.664, "state": "WAKING", "event": "confidence", "value": 0.95, "smoothed": 0.95}
{"t": 65.164, "state": "WAKING", "event": "confidence", "value": 0.95, "smoothed": 0.95}
{"t": 65.664, "state": "WAKING", "event": "confidence", "value": 0.95, "smoothed": 0.95}
{"t": 66.165, "state": "WAKING", "event": "confidence", "value": 0.95, "smoothed": 0.95}
{"t": 66.665, "state": "WAKING", "event": "confidence", "value": 0.95, "smoothed": 0.95}
{"t": 67.165, "state": "WAKING", "event": "confidence", "value": 0.95, "smoothed": 0.95}
{"t": 67.665, "state": "WAKING", "event": "confidence", "value": 0.95, "smoothed": 0.95}
{"t": 68.165, "state": "WAKING", "event": "confidence", "value": 0.95, "smoothed": 0.95}
{"t": 68.666, "state": "WAKING", "event": "confidence", "value": 0.95, "smoothed": 0.95}
{"t": 69.166, "state": "WAKING", "event": "confidence", "value": 0.95, "smoothed": 0.95}
{"t": 69.666, "state": "WAKING", "event": "confidence", "value": 0.95, "smoothed": 0.95}
{"t": 70.166, "state": "WAKING", "event": "confidence", "value": 0.95, "smoothed": 0.95}
{"t": 70.666, "state": "WAKING", "event": "confidence", "value": 0.95, "smoothed": 0.95}
{"t": 71.166, "state": "WAKING", "event": "confidence", "value": 0.95, "smoothed": 0.95}
{"t": 71.667, "state": "WAKING", "event": "confidence", "value": 0.95, "smoothed": 0.95}
{"t": 72.167, "state": "WAKING", "event": "confidence", "value": 0.95, "smoothed": 0.95}
{"t": 72.667, "state": "WAKING", "event": "confidence", "value": 0.95, "smoothed": 0.95}
{"t": 73.167, "state": "WAKING", "event": "confidence", "value": 0.95, "smoothed": 0.95}
{"t": 73.668, "state": "WAKING", "event": "confidence", "value": 0.95, "smoothed": 0.95}
{"t": 74.168, "state": "WAKING", "event": "confidence", "value": 0.95, "smoothed": 0.95}
{"t": 74.668, "state": "WAKING", "event": "confidence", "value": 0.95, "smoothed": 0.95}
{"t": 75.169, "state": "WAKING", "event": "confidence", "value": 0.95, "smoothed": 0.95}
{"t": 75.669, "state": "WAKING", "event": "confidence", "value": 0.95, "smoothed": 0.95}
{"t": 76.169, "state": "WAKING", "event": "confidence", "value": 0.95, "smoothed": 0.95}
{"t": 76.669, "state": "WAKING", "event": "confidence", "value": 0.95, "smoothed": 0.95}
{"t": 77.169, "state": "WAKING", "event": "confidence", "value": 0.95, "smoothed": 0.95}
{"t": 77.67, "state": "WAKING", "event": "confidence", "value": 0.95, "smoothed": 0.95}
{"t": 78.17, "state": "WAKING", "event": "confidence", "value": 0.95, "smoothed": 0.95}
{"t": 78.67, "state": "WAKING", "event": "confidence", "value": 0.95, "smoothed": 0.95}
{"t": 79.17, "state": "WAKING", "event": "confidence", "value": 0.95, "smoothed": 0.95}
{"t": 79.67, "state": "WAKING", "event": "confidence", "value": 0.95, "smoothed": 0.95}
{"t": 80.171, "state": "WAKING", "event": "confidence", "value": 0.95, "smoothed": 0.95}
{"t": 80.671, "state": "WAKING", "event": "confidence", "value": 0.95, "smoothed": 0.95}
{"t": 81.172, "state": "WAKING", "event": "confidence", "value": 0.95, "smoothed": 0.95}
{"t": 81.683, "state": "WAKING", "event": "confidence", "value": 0.95, "smoothed": 0.95}
{"t": 82.172, "state": "WAKING", "event": "confidence", "value": 0.95, "smoothed": 0.95}
{"t": 82.672, "state": "WAKING", "event": "confidence", "value": 0.95, "smoothed": 0.95}
{"t": 83.173, "state": "WAKING", "event": "confidence", "value": 0.95, "smoothed": 0.95}
{"t": 83.673, "state": "WAKING", "event": "confidence", "value": 0.95, "smoothed": 0.95}
{"t": 84.173, "state": "WAKING", "event": "confidence", "value": 0.95, "smoothed": 0.95}
{"t": 84.673, "state": "WAKING", "event": "confidence", "value": 0.95, "smoothed": 0.95}
{"t": 85.174, "state": "WAKING", "event": "confidence", "value": 0.95, "smoothed": 0.95}
{"t": 85.674, "state": "WAKING", "event": "confidence", "value": 0.95, "smoothed": 0.95}
{"t": 86.174, "state": "WAKING", "event": "confidence", "value": 0.95, "smoothed": 0.95}
{"t": 86.674, "state": "WAKING", "event": "confidence", "value": 0.95, "smoothed": 0.95}
{"t": 87.175, "state": "WAKING", "event": "confidence", "value": 0.95, "smoothed": 0.95}
{"t": 87.675, "state": "WAKING", "event": "confidence", "value": 0.95, "smoothed": 0.95}
{"t": 88.175, "state": "WAKING", "event": "confidence", "value": 0.95, "smoothed": 0.95}
{"t": 88.675, "state": "WAKING", "event": "confidence", "value": 0.95, "smoothed": 0.95}
{"t": 89.176, "state": "WAKING", "event": "confidence", "value": 0.95, "smoothed": 0.95}
{"t": 89.894, "state": "WAKING", "event": "confidence", "value": 0.95, "smoothed": 0.95}
{"t": 90.176, "state": "WAKING", "event": "confidence", "value": 0.95, "smoothed": 0.95}
{"t": 90.676, "state": "WAKING", "event": "confidence", "value": 0.95, "smoothed": 0.95}
{"t": 91.177, "state": "WAKING", "event": "confidence", "value": 0.95, "smoothed": 0.95}
{"t": 91.677, "state": "WAKING", "event": "confidence", "value": 0.95, "smoothed": 0.95}
{"t": 92.177, "state": "WAKING", "event": "confidence", "value": 0.95, "smoothed": 0.95}
{"t": 92.678, "state": "WAKING", "event": "confidence", "value": 0.95, "smoothed": 0.95}
{"t": 93.178, "state": "WAKING", "event": "confidence", "value": 0.95, "smoothed": 0.95}
{"t": 93.678, "state": "WAKING", "event": "confidence", "value": 0.95, "smoothed": 0.95}
{"t": 94.178, "state": "WAKING", "event": "confidence", "value": 0.95, "smoothed": 0.95}
{"t": 94.679, "state": "WAKING", "event": "confidence", "value": 0.95, "smoothed": 0.95}
{"t": 95.179, "state": "WAKING", "event": "confidence", "value": 0.95, "smoothed": 0.95}
{"t": 95.679, "state": "WAKING", "event": "confidence", "value": 0.95, "smoothed": 0.95}
{"t": 96.179, "state": "WAKING", "event": "confidence", "value": 0.95, "smoothed": 0.95}
{"t": 96.68, "state": "WAKING", "event": "confidence", "value": 0.95, "smoothed": 0.95}
{"t": 97.18, "state": "WAKING", "event": "confidence", "value": 0.95, "smoothed": 0.95}
{"t": 97.68, "state": "WAKING", "event": "confidence", "value": 0.95, "smoothed": 0.95}
{"t": 98.181, "state": "WAKING", "event": "confidence", "value": 0.95, "smoothed": 0.95}
{"t": 98.681, "state": "WAKING", "event": "confidence", "value": 0.95, "smoothed": 0.95}
{"t": 99.181, "state": "WAKING", "event": "confidence", "value": 0.95, "smoothed": 0.95}
{"t": 99.681, "state": "WAKING", "event": "confidence", "value": 0.95, "smoothed": 0.95}
{"t": 100.182, "state": "WAKING", "event": "confidence", "value": 0.95, "smoothed": 0.95}
{"t": 100.682, "state": "WAKING", "event": "confidence", "value": 0.95, "smoothed": 0.95}
{"t": 101.182, "state": "WAKING", "event": "confidence", "value": 0.95, "smoothed": 0.95}
{"t": 101.683, "state": "WAKING", "event": "confidence", "value": 0.95, "smoothed": 0.95}
{"t": 102.183, "state": "WAKING", "event": "confidence", "value": 0.95, "smoothed": 0.95}
{"t": 102.683, "state": "WAKING", "event": "confidence", "value": 0.95, "smoothed": 0.95}
{"t": 103.184, "state": "WAKING", "event": "confidence", "value": 0.95, "smoothed": 0.95}
{"t": 103.684, "state": "WAKING", "event": "confidence", "value": 0.95, "smoothed": 0.95}
{"t": 104.184, "state": "WAKING", "event": "confidence", "value": 0.95, "smoothed": 0.95}
{"t": 104.685, "state": "WAKING", "event": "confidence", "value": 0.95, "smoothed": 0.95}
{"t": 105.185, "state": "WAKING", "event": "confidence", "value": 0.95, "smoothed": 0.95}
{"t": 105.685, "state": "WAKING", "event": "confidence", "value": 0.95, "smoothed": 0.95}
{"t": 106.185, "state": "WAKING", "event": "confidence", "value": 0.95, "smoothed": 0.95}
{"t": 106.686, "state": "WAKING", "event": "confidence", "value": 0.95, "smoothed": 0.95}
{"t": 107.186, "state": "WAKING", "event": "confidence", "value": 0.95, "smoothed": 0.95}
{"t": 107.687, "state": "WAKING", "event": "confidence", "value": 0.95, "smoothed": 0.95}
{"t": 108.187, "state": "WAKING", "event": "confidence", "value": 0.95, "smoothed": 0.95}
{"t": 108.687, "state": "WAKING", "event": "confidence", "value": 0.95, "smoothed": 0.95}
{"t": 109.187, "state": "WAKING", "event": "confidence", "value": 0.95, "smoothed": 0.95}
{"t": 109.688, "state": "WAKING", "event": "confidence", "value": 0.95, "smoothed": 0.95}
{"t": 110.188, "state": "WAKING", "event": "confidence", "value": 0.95, "smoothed": 0.95}
{"t": 110.688, "state": "WAKING", "event": "confidence", "value": 0.95, "smoothed": 0.95}
{"t": 111.188, "state": "WAKING", "event": "confidence", "value": 0.95, "smoothed": 0.95}
{"t": 111.689, "state": "WAKING", "event": "confidence", "value": 0.95, "smoothed": 0.95}
{"t": 112.189, "state": "WAKING", "event": "confidence", "value": 0.95, "smoothed": 0.95}
{"t": 112.689, "state": "WAKING", "event": "confidence", "value": 0.95, "smoothed": 0.95}
{"t": 113.19, "state": "WAKING", "event": "confidence", "value": 0.95, "smoothed": 0.95}
{"t": 113.69, "state": "WAKING", "event": "confidence", "value": 0.95, "smoothed": 0.95}
{"t": 114.19, "state": "WAKING", "event": "confidence", "value": 0.95, "smoothed": 0.95}
{"t": 114.69, "state": "WAKING", "event": "confidence", "value": 0.95, "smoothed": 0.95}
{"t": 115.19, "state": "WAKING", "event": "confidence", "value": 0.95, "smoothed": 0.95}
{"t": 115.691, "state": "WAKING", "event": "confidence", "value": 0.95, "smoothed": 0.95}
{"t": 116.191, "state": "WAKING", "event": "confidence", "value": 0.95, "smoothed": 0.95}
{"t": 116.691, "state": "WAKING", "event": "confidence", "value": 0.95, "smoothed": 0.95}
{"t": 117.191, "state": "WAKING", "event": "confidence", "value": 0.95, "smoothed": 0.95}
{"t": 117.692, "state": "WAKING", "event": "confidence", "value": 0.95, "smoothed": 0.95}
{"t": 118.192, "state": "WAKING", "event": "confidence", "value": 0.95, "smoothed": 0.95}
{"t": 118.692, "state": "WAKING", "event": "confidence", "value": 0.95, "smoothed": 0.95}
{"t": 119.192, "state": "WAKING", "event": "confidence", "value": 0.95, "smoothed": 0.95}
{"t": 119.693, "state": "WAKING", "event": "confidence", "value": 0.95, "smoothed": 0.95}
{"t": 120.193, "state": "WAKING", "event": "confidence", "value": 0.95, "smoothed": 0.95}
{"t": 120.693, "state": "WAKING", "event": "confidence", "value": 0.95, "smoothed": 0.95}
{"t": 121.193, "state": "WAKING", "event": "confidence", "value": 0.95, "smoothed": 0.95}
{"t": 121.694, "state": "WAKING", "event": "confidence", "value": 0.95, "smoothed": 0.95}
{"t": 122.194, "state": "WAKING", "event": "confidence", "value": 0.95, "smoothed": 0.95}
{"t": 122.694, "state": "WAKING", "event": "confidence", "value": 0.95, "smoothed": 0.95}
{"t": 123.194, "state": "WAKING", "event": "confidence", "value": 0.95, "smoothed": 0.95}
{"t": 123.695, "state": "WAKING", "event": "confidence", "value": 0.95, "smoothed": 0.95}
{"t": 124.195, "state": "WAKING", "event": "confidence", "value": 0.95, "smoothed": 0.95}
{"t": 124.695, "state": "WAKING", "event": "confidence", "value": 0.95, "smoothed": 0.95}
{"t": 125.195, "state": "WAKING", "event": "confidence", "value": 0.95, "smoothed": 0.95}
{"t": 125.696, "state": "WAKING", "event": "confidence", "value": 0.95, "smoothed": 0.95}
{"t": 126.196, "state": "WAKING", "event": "confidence", "value": 0.95, "smoothed": 0.95}
{"t": 126.696, "state": "WAKING", "event": "confidence", "value": 0.95, "smoothed": 0.95}
{"t": 127.196, "state": "WAKING", "event": "confidence", "value": 0.95, "smoothed": 0.95}
{"t": 127.696, "state": "WAKING", "event": "confidence", "value": 0.95, "smoothed": 0.95}
{"t": 128.199, "state": "WAKING", "event": "confidence", "value": 0.95, "smoothed": 0.95}
{"t": 128.699, "state": "WAKING", "event": "confidence", "value": 0.95, "smoothed": 0.95}
{"t": 129.2, "state": "WAKING", "event": "confidence", "value": 0.95, "smoothed": 0.95}
{"t": 129.7, "state": "WAKING", "event": "confidence", "value": 0.95, "smoothed": 0.95}
{"t": 130.2, "state": "WAKING", "event": "confidence", "value": 0.95, "smoothed": 0.95}
{"t": 130.7, "state": "WAKING", "event": "confidence", "value": 0.95, "smoothed": 0.95}
{"t": 131.2, "state": "WAKING", "event": "confidence", "value": 0.95, "smoothed": 0.95}
{"t": 131.701, "state": "WAKING", "event": "confidence", "value": 0.95, "smoothed": 0.95}
{"t": 132.201, "state": "WAKING", "event": "confidence", "value": 0.95, "smoothed": 0.95}
{"t": 132.701, "state": "WAKING", "event": "confidence", "value": 0.95, "smoothed": 0.95}
{"t": 133.201, "state": "WAKING", "event": "confidence", "value": 0.95, "smoothed": 0.95}
{"t": 133.701, "state": "WAKING", "event": "confidence", "value": 0.95, "smoothed": 0.95}
{"t": 134.201, "state": "WAKING", "event": "confidence", "value": 0.95, "smoothed": 0.95}
{"t": 134.702, "state": "WAKING", "event": "confidence", "value": 0.95, "smoothed": 0.95}
{"t": 135.202, "state": "WAKING", "event": "confidence", "value": 0.95, "smoothed": 0.95}
{"t": 135.702, "state": "WAKING", "event": "confidence", "value": 0.95, "smoothed": 0.95}
{"t": 136.202, "state": "WAKING", "event": "confidence", "value": 0.95, "smoothed": 0.95}
{"t": 136.702, "state": "WAKING", "event": "confidence", "value": 0.95, "smoothed": 0.95}
{"t": 137.202, "state": "WAKING", "event": "confidence", "value": 0.95, "smoothed": 0.95}
{"t": 137.703, "state": "WAKING", "event": "confidence", "value": 0.95, "smoothed": 0.95}
{"t": 138.203, "state": "WAKING", "event": "confidence", "value": 0.95, "smoothed": 0.95}
{"t": 138.703, "state": "WAKING", "event": "confidence", "value": 0.95, "smoothed": 0.95}
{"t": 139.203, "state": "WAKING", "event": "confidence", "value": 0.95, "smoothed": 0.95}
{"t": 139.703, "state": "WAKING", "event": "confidence", "value": 0.95, "smoothed": 0.95}
{"t": 140.204, "state": "WAKING", "event": "confidence", "value": 0.95, "smoothed": 0.95}
{"t": 140.704, "state": "WAKING", "event": "confidence", "value": 0.95, "smoothed": 0.95}
{"t": 141.204, "state": "WAKING", "event": "confidence", "value": 0.95, "smoothed": 0.95}
{"t": 141.704, "state": "WAKING", "event": "confidence", "value": 0.95, "smoothed": 0.95}
{"t": 142.205, "state": "WAKING", "event": "confidence", "value": 0.95, "smoothed": 0.95}
{"t": 142.705, "state": "WAKING", "event": "confidence", "value": 0.95, "smoothed": 0.95}
{"t": 143.205, "state": "WAKING", "event": "confidence", "value": 0.95, "smoothed": 0.95}
{"t": 143.705, "state": "WAKING", "event": "confidence", "value": 0.95, "smoothed": 0.95}
{"t": 144.205, "state": "WAKING", "event": "confidence", "value": 0.95, "smoothed": 0.95}
{"t": 144.705, "state": "WAKING", "event": "confidence", "value": 0.95, "smoothed": 0.95}
{"t": 145.206, "state": "WAKING", "event": "confidence", "value": 0.95, "smoothed": 0.95}
{"t": 145.706, "state": "WAKING", "event": "confidence", "value": 0.95, "smoothed": 0.95}
{"t": 146.206, "state": "WAKING", "event": "confidence", "value": 0.95, "smoothed": 0.95}
{"t": 146.706, "state": "WAKING", "event": "confidence", "value": 0.95, "smoothed": 0.95}
{"t": 147.207, "state": "WAKING", "event": "confidence", "value": 0.95, "smoothed": 0.95}
{"t": 147.707, "state": "WAKING", "event": "confidence", "value": 0.95, "smoothed": 0.95}
{"t": 148.207, "state": "WAKING", "event": "confidence", "value": 0.95, "smoothed": 0.95}
{"t": 148.707, "state": "WAKING", "event": "confidence", "value": 0.95, "smoothed": 0.95}
{"t": 149.207, "state": "WAKING", "event": "confidence", "value": 0.95, "smoothed": 0.95}
{"t": 149.707, "state": "WAKING", "event": "confidence", "value": 0.95, "smoothed": 0.95}
{"t": 150.207, "state": "WAKING", "event": "confidence", "value": 0.95, "smoothed": 0.95}
{"t": 150.708, "state": "WAKING", "event": "confidence", "value": 0.95, "smoothed": 0.95}
{"t": 151.208, "state": "WAKING", "event": "confidence", "value": 0.95, "smoothed": 0.95}
{"t": 151.708, "state": "WAKING", "event": "confidence", "value": 0.95, "smoothed": 0.95}
{"t": 152.208, "state": "WAKING", "event": "confidence", "value": 0.95, "smoothed": 0.95}
{"t": 152.708, "state": "WAKING", "event": "confidence", "value": 0.95, "smoothed": 0.95}
{"t": 153.209, "state": "WAKING", "event": "confidence", "value": 0.95, "smoothed": 0.95}
{"t": 153.709, "state": "WAKING", "event": "confidence", "value": 0.95, "smoothed": 0.95}
{"t": 154.209, "state": "WAKING", "event": "confidence", "value": 0.95, "smoothed": 0.95}
{"t": 154.71, "state": "WAKING", "event": "confidence", "value": 0.95, "smoothed": 0.95}
{"t": 155.21, "state": "WAKING", "event": "confidence", "value": 0.95, "smoothed": 0.95}
{"t": 155.71, "state": "WAKING", "event": "confidence", "value": 0.95, "smoothed": 0.95}
{"t": 156.211, "state": "WAKING", "event": "confidence", "value": 0.95, "smoothed": 0.95}
{"t": 156.711, "state": "WAKING", "event": "confidence", "value": 0.95, "smoothed": 0.95}
{"t": 157.211, "state": "WAKING", "event": "confidence", "value": 0.95, "smoothed": 0.95}
{"t": 157.711, "state": "WAKING", "event": "confidence", "value": 0.95, "smoothed": 0.95}
{"t": 158.211, "state": "WAKING", "event": "confidence", "value": 0.95, "smoothed": 0.95}
{"t": 158.712, "state": "WAKING", "event": "confidence", "value": 0.95, "smoothed": 0.95}
{"t": 159.212, "state": "WAKING", "event": "confidence", "value": 0.95, "smoothed": 0.95}
{"t": 159.712, "state": "WAKING", "event": "confidence", "value": 0.95, "smoothed": 0.95}
{"t": 160.212, "state": "WAKING", "event": "confidence", "value": 0.95, "smoothed": 0.95}
{"t": 160.713, "state": "WAKING", "event": "confidence", "value": 0.95, "smoothed": 0.95}
{"t": 161.213, "state": "WAKING", "event": "confidence", "value": 0.95, "smoothed": 0.95}
{"t": 161.713, "state": "WAKING", "event": "confidence", "value": 0.95, "smoothed": 0.95}
{"t": 162.213, "state": "WAKING", "event": "confidence", "value": 0.95, "smoothed": 0.95}
{"t": 162.713, "state": "WAKING", "event": "confidence", "value": 0.95, "smoothed": 0.95}
{"t": 163.214, "state": "WAKING", "event": "confidence", "value": 0.95, "smoothed": 0.95}
{"t": 163.717, "state": "WAKING", "event": "confidence", "value": 0.95, "smoothed": 0.95}
{"t": 164.218, "state": "WAKING", "event": "confidence", "value": 0.95, "smoothed": 0.95}
{"t": 164.718, "state": "WAKING", "event": "confidence", "value": 0.95, "smoothed": 0.95}
{"t": 165.218, "state": "WAKING", "event": "confidence", "value": 0.95, "smoothed": 0.95}
{"t": 165.718, "state": "WAKING", "event": "confidence", "value": 0.95, "smoothed": 0.95}
{"t": 166.218, "state": "WAKING", "event": "confidence", "value": 0.95, "smoothed": 0.95}
{"t": 166.719, "state": "WAKING", "event": "confidence", "value": 0.95, "smoothed": 0.95}
{"t": 167.219, "state": "WAKING", "event": "confidence", "value": 0.95, "smoothed": 0.95}
{"t": 167.719, "state": "WAKING", "event": "confidence", "value": 0.95, "smoothed": 0.95}
{"t": 168.22, "state": "WAKING", "event": "confidence", "value": 0.95, "smoothed": 0.95}
{"t": 168.72, "state": "WAKING", "event": "confidence", "value": 0.95, "smoothed": 0.95}
{"t": 169.22, "state": "WAKING", "event": "confidence", "value": 0.95, "smoothed": 0.95}
{"t": 169.72, "state": "WAKING", "event": "confidence", "value": 0.95, "smoothed": 0.95}
{"t": 170.221, "state": "WAKING", "event": "confidence", "value": 0.95, "smoothed": 0.95}
{"t": 170.721, "state": "WAKING", "event": "confidence", "value": 0.95, "smoothed": 0.95}
{"t": 171.221, "state": "WAKING", "event": "confidence", "value": 0.95, "smoothed": 0.95}
{"t": 171.721, "state": "WAKING", "event": "confidence", "value": 0.95, "smoothed": 0.95}
{"t": 172.222, "state": "WAKING", "event": "confidence", "value": 0.95, "smoothed": 0.95}
{"t": 172.722, "state": "WAKING", "event": "confidence", "value": 0.95, "smoothed": 0.95}
{"t": 173.222, "state": "WAKING", "event": "confidence", "value": 0.95, "smoothed": 0.95}
{"t": 173.722, "state": "WAKING", "event": "confidence", "value": 0.95, "smoothed": 0.95}
{"t": 174.223, "state": "WAKING", "event": "confidence", "value": 0.95, "smoothed": 0.95}
{"t": 174.723, "state": "WAKING", "event": "confidence", "value": 0.95, "smoothed": 0.95}
{"t": 175.223, "state": "WAKING", "event": "confidence", "value": 0.95, "smoothed": 0.95}
{"t": 175.723, "state": "WAKING", "event": "confidence", "value": 0.95, "smoothed": 0.95}
{"t": 176.223, "state": "WAKING", "event": "confidence", "value": 0.95, "smoothed": 0.95}
{"t": 176.557, "state": "AWAKE", "event": "awake", "wake_seconds": 169.91, "loader": {"compose_up_seconds": 6.59, "first_output_seconds": 161.78}}
{"t": 176.724, "state": "AWAKE", "event": "confidence", "value": 0.95, "smoothed": 0.95}
{"t": 177.224, "state": "AWAKE", "event": "confidence", "value": 0.95, "smoothed": 0.95}
[continuous_lp_2] done: latency=169.91s
cooldown up to 30.0s (baseline tj=54.625)...
[
  {
    "mode": "continuous_lp",
    "rep": 0,
    "t_watcher_launch_epoch": 1784657046.2962434,
    "wake_start": {
      "t": 6.583,
      "state": "WAKING",
      "event": "wake_start",
      "confidence": 0.8528,
      "from_state": "SLEEPING",
      "mode": "continuous"
    },
    "awake": {
      "t": 163.051,
      "state": "AWAKE",
      "event": "awake",
      "wake_seconds": 156.47,
      "loader": {
        "compose_up_seconds": 3.14,
        "first_output_seconds": 148.31
      }
    },
    "baseline_tj_c": 50.312,
    "run_dir": "mmap_sandbox/results/burst_vs_continuous_run1/continuous_lp_0",
    "timed_out": false
  },
  {
    "mode": "continuous_lp",
    "rep": 1,
    "t_watcher_launch_epoch": 1784657256.6068168,
    "wake_start": {
      "t": 6.641,
      "state": "WAKING",
      "event": "wake_start",
      "confidence": 0.8528,
      "from_state": "SLEEPING",
      "mode": "continuous"
    },
    "awake": {
      "t": 166.429,
      "state": "AWAKE",
      "event": "awake",
      "wake_seconds": 159.79,
      "loader": {
        "compose_up_seconds": 2.96,
        "first_output_seconds": 151.64
      }
    },
    "baseline_tj_c": 53.25,
    "run_dir": "mmap_sandbox/results/burst_vs_continuous_run1/continuous_lp_1",
    "timed_out": false
  },
  {
    "mode": "continuous_lp",
    "rep": 2,
    "t_watcher_launch_epoch": 1784657447.4769344,
    "wake_start": {
      "t": 6.642,
      "state": "WAKING",
      "event": "wake_start",
      "confidence": 0.8528,
      "from_state": "SLEEPING",
      "mode": "continuous"
    },
    "awake": {
      "t": 176.557,
      "state": "AWAKE",
      "event": "awake",
      "wake_seconds": 169.91,
      "loader": {
        "compose_up_seconds": 6.59,
        "first_output_seconds": 161.78
      }
    },
    "baseline_tj_c": 54.375,
    "run_dir": "mmap_sandbox/results/burst_vs_continuous_run1/continuous_lp_2",
    "timed_out": false
  }
]
ALL DONE
